Archive member included to satisfy reference by file (symbol)

/Users/clfilho/SimplicityStudio/BLE/BG13PUART/protocol/bluetooth/lib/EFR32BG13P/GCC/libbluetooth.a(bgapi.c.obj)
                              ./app.o (gecko_cmd_msg_buf)
/Users/clfilho/SimplicityStudio/BLE/BG13PUART/protocol/bluetooth/lib/EFR32BG13P/GCC/libbluetooth.a(bgapi_gap.c.obj)
                              ./app.o (sli_bt_cmd_le_gap_set_advertise_timing)
/Users/clfilho/SimplicityStudio/BLE/BG13PUART/protocol/bluetooth/lib/EFR32BG13P/GCC/libbluetooth.a(bgapi_gatt.c.obj)
                              /Users/clfilho/SimplicityStudio/BLE/BG13PUART/protocol/bluetooth/lib/EFR32BG13P/GCC/libbluetooth.a(bgapi.c.obj) (bgapi_gatt_listener)
/Users/clfilho/SimplicityStudio/BLE/BG13PUART/protocol/bluetooth/lib/EFR32BG13P/GCC/libbluetooth.a(bgapi_gatt_lib.c.obj)
                              ./app.o (sli_bt_cmd_gatt_server_send_user_write_response)
/Users/clfilho/SimplicityStudio/BLE/BG13PUART/protocol/bluetooth/lib/EFR32BG13P/GCC/libbluetooth.a(bgapi_le_connection.c.obj)
                              ./app.o (sli_bt_cmd_le_connection_close)
/Users/clfilho/SimplicityStudio/BLE/BG13PUART/protocol/bluetooth/lib/EFR32BG13P/GCC/libbluetooth.a(bgapi_system.c.obj)
                              ./app.o (sli_bt_cmd_system_reset)
/Users/clfilho/SimplicityStudio/BLE/BG13PUART/protocol/bluetooth/lib/EFR32BG13P/GCC/libbluetooth.a(bgbuf.c.obj)
                              /Users/clfilho/SimplicityStudio/BLE/BG13PUART/protocol/bluetooth/lib/EFR32BG13P/GCC/libbluetooth.a(bgapi.c.obj) (bgbuf_chain_free)
/Users/clfilho/SimplicityStudio/BLE/BG13PUART/protocol/bluetooth/lib/EFR32BG13P/GCC/libbluetooth.a(bglib.c.obj)
                              ./app.o (gecko_wait_event)
/Users/clfilho/SimplicityStudio/BLE/BG13PUART/protocol/bluetooth/lib/EFR32BG13P/GCC/libbluetooth.a(bondingdb.c.obj)
                              /Users/clfilho/SimplicityStudio/BLE/BG13PUART/protocol/bluetooth/lib/EFR32BG13P/GCC/libbluetooth.a(bglib.c.obj) (bondingdb_get_max_bonds)
/Users/clfilho/SimplicityStudio/BLE/BG13PUART/protocol/bluetooth/lib/EFR32BG13P/GCC/libbluetooth.a(btl_interface.c.obj)
                              /Users/clfilho/SimplicityStudio/BLE/BG13PUART/protocol/bluetooth/lib/EFR32BG13P/GCC/libbluetooth.a(bgapi.c.obj) (bootloader_getInfo)
/Users/clfilho/SimplicityStudio/BLE/BG13PUART/protocol/bluetooth/lib/EFR32BG13P/GCC/libbluetooth.a(efr32xg1x.c.obj)
                              /Users/clfilho/SimplicityStudio/BLE/BG13PUART/protocol/bluetooth/lib/EFR32BG13P/GCC/libbluetooth.a(bglib.c.obj) (bg_hal_set_ctune)
/Users/clfilho/SimplicityStudio/BLE/BG13PUART/protocol/bluetooth/lib/EFR32BG13P/GCC/libbluetooth.a(gap.c.obj)
                              /Users/clfilho/SimplicityStudio/BLE/BG13PUART/protocol/bluetooth/lib/EFR32BG13P/GCC/libbluetooth.a(bglib.c.obj) (gap_reset_state)
/Users/clfilho/SimplicityStudio/BLE/BG13PUART/protocol/bluetooth/lib/EFR32BG13P/GCC/libbluetooth.a(gap_adv.c.obj)
                              /Users/clfilho/SimplicityStudio/BLE/BG13PUART/protocol/bluetooth/lib/EFR32BG13P/GCC/libbluetooth.a(gap.c.obj) (gap_set_advertising_timeout)
/Users/clfilho/SimplicityStudio/BLE/BG13PUART/protocol/bluetooth/lib/EFR32BG13P/GCC/libbluetooth.a(gap_deprecated.c.obj)
                              /Users/clfilho/SimplicityStudio/BLE/BG13PUART/protocol/bluetooth/lib/EFR32BG13P/GCC/libbluetooth.a(bgapi_gap.c.obj) (ubt_gap_set_adv_parameters)
/Users/clfilho/SimplicityStudio/BLE/BG13PUART/protocol/bluetooth/lib/EFR32BG13P/GCC/libbluetooth.a(gap_periodic_adv-stubs.c.obj)
                              /Users/clfilho/SimplicityStudio/BLE/BG13PUART/protocol/bluetooth/lib/EFR32BG13P/GCC/libbluetooth.a(bglib.c.obj) (ubt_gap_alloc_periodic_adv)
/Users/clfilho/SimplicityStudio/BLE/BG13PUART/protocol/bluetooth/lib/EFR32BG13P/GCC/libbluetooth.a(gap_periodic_scan-stubs.c.obj)
                              /Users/clfilho/SimplicityStudio/BLE/BG13PUART/protocol/bluetooth/lib/EFR32BG13P/GCC/libbluetooth.a(bglib.c.obj) (ubt_gap_alloc_periodic_scan)
/Users/clfilho/SimplicityStudio/BLE/BG13PUART/protocol/bluetooth/lib/EFR32BG13P/GCC/libbluetooth.a(gap_resolver.c.obj)
                              /Users/clfilho/SimplicityStudio/BLE/BG13PUART/protocol/bluetooth/lib/EFR32BG13P/GCC/libbluetooth.a(gap.c.obj) (gap_address_resolver_step)
/Users/clfilho/SimplicityStudio/BLE/BG13PUART/protocol/bluetooth/lib/EFR32BG13P/GCC/libbluetooth.a(gap_scan.c.obj)
                              /Users/clfilho/SimplicityStudio/BLE/BG13PUART/protocol/bluetooth/lib/EFR32BG13P/GCC/libbluetooth.a(gap.c.obj) (gap_status_set_scan_packet)
/Users/clfilho/SimplicityStudio/BLE/BG13PUART/protocol/bluetooth/lib/EFR32BG13P/GCC/libbluetooth.a(gap_whitelist-stubs.c.obj)
                              /Users/clfilho/SimplicityStudio/BLE/BG13PUART/protocol/bluetooth/lib/EFR32BG13P/GCC/libbluetooth.a(bondingdb.c.obj) (gap_whitelist_clear_list)
[...]
Memory Configuration

Name             Origin             Length             Attributes
FLASH_BOOTLOADER 0x000000000fe10000 0x0000000000004000 xr
FLASH            0x0000000000000000 0x0000000000080000 xr
RAM              0x0000000020000000 0x0000000000010000 xrw
*default*        0x0000000000000000 0xffffffffffffffff

Linker script and memory map

LOAD /Applications/Simplicity Studio.app/Contents/Eclipse/developer/toolchains/gnu_arm/7.2_2017q4/bin/../lib/gcc/arm-none-eabi/7.2.1/thumb/v7e-m/fpv4-sp/softfp/crti.o
LOAD /Applications/Simplicity Studio.app/Contents/Eclipse/developer/toolchains/gnu_arm/7.2_2017q4/bin/../lib/gcc/arm-none-eabi/7.2.1/thumb/v7e-m/fpv4-sp/softfp/crtbegin.o
LOAD /Applications/Simplicity Studio.app/Contents/Eclipse/developer/toolchains/gnu_arm/7.2_2017q4/bin/../lib/gcc/arm-none-eabi/7.2.1/../../../../arm-none-eabi/lib/thumb/v7e-m/fpv4-sp/softfp/crt0.o
START GROUP
LOAD ./app/bluetooth/common/util/infrastructure.o
LOAD ./app.o
LOAD ./application_properties.o
LOAD ./gatt_db.o
LOAD ./init_app.o
LOAD ./init_board_efr32xg1.o
LOAD ./init_mcu_efr32xg1.o
LOAD ./main.o
LOAD ./hardware/kit/common/bsp/bsp_stk.o
LOAD ./hardware/kit/common/drivers/retargetio.o
LOAD ./hardware/kit/common/drivers/retargetserial.o
LOAD ./platform/Device/SiliconLabs/BGM13/Source/GCC/startup_bgm13.o
LOAD ./platform/Device/SiliconLabs/BGM13/Source/system_bgm13.o
LOAD ./platform/emdrv/sleep/src/sleep.o
LOAD ./platform/emlib/src/em_assert.o
LOAD ./platform/emlib/src/em_burtc.o
LOAD ./platform/emlib/src/em_cmu.o
LOAD ./platform/emlib/src/em_core.o
LOAD ./platform/emlib/src/em_cryotimer.o
LOAD ./platform/emlib/src/em_crypto.o
LOAD ./platform/emlib/src/em_emu.o
LOAD ./platform/emlib/src/em_gpio.o
LOAD ./platform/emlib/src/em_i2c.o
LOAD ./platform/emlib/src/em_msc.o
LOAD ./platform/emlib/src/em_rmu.o
LOAD ./platform/emlib/src/em_rtcc.o
LOAD ./platform/emlib/src/em_se.o
LOAD ./platform/emlib/src/em_system.o
LOAD ./platform/emlib/src/em_timer.o
LOAD ./platform/emlib/src/em_usart.o
LOAD /Users/clfilho/SimplicityStudio/BLE/BG13PUART/protocol/bluetooth/lib/EFR32BG13P/GCC/binapploader.o
LOAD /Users/clfilho/SimplicityStudio/BLE/BG13PUART/protocol/bluetooth/lib/EFR32BG13P/GCC/libpsstore.a
LOAD /Users/clfilho/SimplicityStudio/BLE/BG13PUART/protocol/bluetooth/lib/EFR32BG13P/GCC/libmbedtls.a
LOAD /Users/clfilho/SimplicityStudio/BLE/BG13PUART/platform/radio/rail_lib/autogen/librail_release/librail_module_efr32xg13_gcc_release.a
LOAD /Users/clfilho/SimplicityStudio/BLE/BG13PUART/platform/radio/rail_lib/autogen/librail_release/librail_config_bgm13p22f512ga_gcc.a
LOAD /Users/clfilho/SimplicityStudio/BLE/BG13PUART/protocol/bluetooth/lib/EFR32BG13P/GCC/libbluetooth.a
LOAD /Applications/Simplicity Studio.app/Contents/Eclipse/developer/toolchains/gnu_arm/7.2_2017q4/bin/../lib/gcc/arm-none-eabi/7.2.1/../../../../arm-none-eabi/lib/thumb/v7e-m/fpv4-sp/softfp/libm.a
END GROUP
START GROUP
LOAD /Applications/Simplicity Studio.app/Contents/Eclipse/developer/toolchains/gnu_arm/7.2_2017q4/bin/../lib/gcc/arm-none-eabi/7.2.1/thumb/v7e-m/fpv4-sp/softfp/libgcc.a
LOAD /Applications/Simplicity Studio.app/Contents/Eclipse/developer/toolchains/gnu_arm/7.2_2017q4/bin/../lib/gcc/arm-none-eabi/7.2.1/../../../../arm-none-eabi/lib/thumb/v7e-m/fpv4-sp/softfp/libc_nano.a
LOAD /Applications/Simplicity Studio.app/Contents/Eclipse/developer/toolchains/gnu_arm/7.2_2017q4/bin/../lib/gcc/arm-none-eabi/7.2.1/../../../../arm-none-eabi/lib/thumb/v7e-m/fpv4-sp/softfp/libnosys.a
END GROUP
START GROUP
LOAD /Applications/Simplicity Studio.app/Contents/Eclipse/developer/toolchains/gnu_arm/7.2_2017q4/bin/../lib/gcc/arm-none-eabi/7.2.1/thumb/v7e-m/fpv4-sp/softfp/libgcc.a
LOAD /Applications/Simplicity Studio.app/Contents/Eclipse/developer/toolchains/gnu_arm/7.2_2017q4/bin/../lib/gcc/arm-none-eabi/7.2.1/../../../../arm-none-eabi/lib/thumb/v7e-m/fpv4-sp/softfp/libg_nano.a
LOAD /Applications/Simplicity Studio.app/Contents/Eclipse/developer/toolchains/gnu_arm/7.2_2017q4/bin/../lib/gcc/arm-none-eabi/7.2.1/../../../../arm-none-eabi/lib/thumb/v7e-m/fpv4-sp/softfp/libc_nano.a
END GROUP
START GROUP
LOAD /Applications/Simplicity Studio.app/Contents/Eclipse/developer/toolchains/gnu_arm/7.2_2017q4/bin/../lib/gcc/arm-none-eabi/7.2.1/thumb/v7e-m/fpv4-sp/softfp/libgcc.a
LOAD /Applications/Simplicity Studio.app/Contents/Eclipse/developer/toolchains/gnu_arm/7.2_2017q4/bin/../lib/gcc/arm-none-eabi/7.2.1/../../../../arm-none-eabi/lib/thumb/v7e-m/fpv4-sp/softfp/libc_nano.a
END GROUP
LOAD /Applications/Simplicity Studio.app/Contents/Eclipse/developer/toolchains/gnu_arm/7.2_2017q4/bin/../lib/gcc/arm-none-eabi/7.2.1/thumb/v7e-m/fpv4-sp/softfp/crtend.o
LOAD /Applications/Simplicity Studio.app/Contents/Eclipse/developer/toolchains/gnu_arm/7.2_2017q4/bin/../lib/gcc/arm-none-eabi/7.2.1/thumb/v7e-m/fpv4-sp/softfp/crtn.o

.text_bootloader
                0x000000000fe10000        0x0
 *(.binbootloader*)
                0x000000000fe10000                . = ALIGN (0x4000)

.text_apploader
                0x0000000000000000     0xa7c0
 *(.binapploader*)
 .binapploader  0x0000000000000000     0xa7c0 /Users/clfilho/SimplicityStudio/BLE/BG13PUART/protocol/bluetooth/lib/EFR32BG13P/GCC/binapploader.o

.text_signature
                0x000000000000a7c0       0x40
                0x000000000000a800                . = ALIGN (0x800)
 *fill*         0x000000000000a7c0       0x40 
                0x000000000000a800                __text_start__ = .

.text_application
                0x000000000000a800    0x21b20
 *(.vectors)
 .vectors       0x000000000000a800       0xfc ./platform/Device/SiliconLabs/BGM13/Source/GCC/startup_bgm13.o
                0x000000000000a800                __Vectors
                0x000000000000a8fc                __Vectors_End = .
                0x00000000000000fc                __Vectors_Size = (__Vectors_End - __Vectors)
                0x000000000000a8fc                __end__ = .
 *(.application_properties)
 .application_properties
                0x000000000000a8fc       0x40 ./application_properties.o
                0x000000000000a8fc                applicationProperties
 *(.gecko_configuration)
 *(.xo_configuration)
 *(.gatt_header)
 .gatt_header   0x000000000000a93c       0x34 ./gatt_db.o
                0x000000000000a93c                bg_gattdb_data
 *(.gatt_data)
 .gatt_data     0x000000000000a970      0x1d6 ./gatt_db.o
                0x000000000000a970                bg_gattdb_data_adv_uuid128_map
                0x000000000000a974                bg_gattdb_data_adv_uuid16_map
                0x000000000000a978                bg_gattdb_data_attributes_dynamic_mapping_map
                0x000000000000a980                bg_gattdb_data_attributes_map
                0x000000000000aa64                bg_gattdb_data_attribute_field_0
                0x000000000000aa68                bg_gattdb_data_attribute_field_1
                0x000000000000aa70                bg_gattdb_data_attribute_field_2
                0x000000000000aa78                bg_gattdb_data_attribute_field_4
                0x000000000000aa7c                bg_gattdb_data_attribute_field_5
                0x000000000000aa84                bg_gattdb_data_attribute_field_6
                0x000000000000aa8c                bg_gattdb_data_attribute_field_7
                0x000000000000aa94                bg_gattdb_data_attribute_field_8
                0x000000000000aa98                bg_gattdb_data_attribute_field_9
                0x000000000000aa9c                bg_gattdb_data_attribute_field_10
                0x000000000000aaa4                bg_gattdb_data_attribute_field_11
                0x000000000000aab4                bg_gattdb_data_attribute_field_12
                0x000000000000aabc                bg_gattdb_data_attribute_field_13
                0x000000000000aac8                bg_gattdb_data_attribute_field_14
                0x000000000000aad0                bg_gattdb_data_attribute_field_15
                0x000000000000aad8                bg_gattdb_data_attribute_field_16
                0x000000000000aaec                bg_gattdb_data_attribute_field_17
                0x000000000000ab04                bg_gattdb_data_attribute_field_18
                0x000000000000ab0c                bg_gattdb_data_uuidtable_128_map
                0x000000000000ab2c                bg_gattdb_data_uuidtable_16_map
 *(.text*)
 *fill*         0x000000000000ab46        0x2 
 .text          0x000000000000ab48       0x40 /Applications/Simplicity Studio.app/Contents/Eclipse/developer/toolchains/gnu_arm/7.2_2017q4/bin/../lib/gcc/arm-none-eabi/7.2.1/thumb/v7e-m/fpv4-sp/softfp/crtbegin.o
 .text          0x000000000000ab88       0x74 /Applications/Simplicity Studio.app/Contents/Eclipse/developer/toolchains/gnu_arm/7.2_2017q4/bin/../lib/gcc/arm-none-eabi/7.2.1/../../../../arm-none-eabi/lib/thumb/v7e-m/fpv4-sp/softfp/crt0.o
                0x000000000000ab88                _mainCRTStartup
                0x000000000000ab88                _start
 .text.appMain  0x000000000000abfc      0x1bc ./app.o
                0x000000000000abfc                appMain
 .text.initApp  0x000000000000adb8        0x4 ./init_app.o
                0x000000000000adb8                initApp
 .text.initBoard
                0x000000000000adbc       0x20 ./init_board_efr32xg1.o
                0x000000000000adbc                initBoard
 .text.initMcu  0x000000000000addc      0x148 ./init_mcu_efr32xg1.o
                0x000000000000addc                initMcu
 .text.startup.main
                0x000000000000af24       0x2c ./main.o
                0x000000000000af24                main
 .text._close   0x000000000000af50        0x4 ./hardware/kit/common/drivers/retargetio.o
                0x000000000000af50                _close
 .text._exit    0x000000000000af54        0x4 ./hardware/kit/common/drivers/retargetio.o
                0x000000000000af54                _exit
 .text._fstat   0x000000000000af58        0xc ./hardware/kit/common/drivers/retargetio.o
                0x000000000000af58                _fstat
 .text._isatty  0x000000000000af64        0x4 ./hardware/kit/common/drivers/retargetio.o
                0x000000000000af64                _isatty
 .text._lseek   0x000000000000af68        0x4 ./hardware/kit/common/drivers/retargetio.o
                0x000000000000af68                _lseek
 .text._read    0x000000000000af6c       0x2c ./hardware/kit/common/drivers/retargetio.o
                0x000000000000af6c                _read
 .text._sbrk    0x000000000000af98       0x1c ./hardware/kit/common/drivers/retargetio.o
                0x000000000000af98                _sbrk
 .text._write   0x000000000000afb4       0x1c ./hardware/kit/common/drivers/retargetio.o
                0x000000000000afb4                _write
 .text.USART0_RX_IRQHandler
                0x000000000000afd0       0x54 ./hardware/kit/common/drivers/retargetserial.o
                0x000000000000afd0                USART0_RX_IRQHandler
 .text.RETARGET_SerialInit
                0x000000000000b024       0xbc ./hardware/kit/common/drivers/retargetserial.o
                0x000000000000b024                RETARGET_SerialInit
 .text.RETARGET_ReadChar
                0x000000000000b0e0       0x68 ./hardware/kit/common/drivers/retargetserial.o
                0x000000000000b0e0                RETARGET_ReadChar
 .text.RETARGET_WriteChar
                0x000000000000b148       0x48 ./hardware/kit/common/drivers/retargetserial.o
                0x000000000000b148                RETARGET_WriteChar
 .text.Default_Handler
                0x000000000000b190        0x4 ./platform/Device/SiliconLabs/BGM13/Source/GCC/startup_bgm13.o
                0x000000000000b190                IDAC0_IRQHandler
                0x000000000000b190                USART0_TX_IRQHandler
                0x000000000000b190                I2C0_IRQHandler
                0x000000000000b190                HardFault_Handler
                0x000000000000b190                SysTick_Handler
                0x000000000000b190                USART1_RX_IRQHandler
                0x000000000000b190                PendSV_Handler
                0x000000000000b190                NMI_Handler
                0x000000000000b190                I2C1_IRQHandler
                0x000000000000b190                WTIMER0_IRQHandler
                0x000000000000b190                CRYPTO0_IRQHandler
                0x000000000000b190                WDOG0_IRQHandler
                0x000000000000b190                USART1_TX_IRQHandler
                0x000000000000b190                SMU_IRQHandler
                0x000000000000b190                MSC_IRQHandler
                0x000000000000b190                ADC0_IRQHandler
                0x000000000000b190                UsageFault_Handler
                0x000000000000b190                WDOG1_IRQHandler
                0x000000000000b190                LEUART0_IRQHandler
                0x000000000000b190                FPUEH_IRQHandler
                0x000000000000b190                GPIO_EVEN_IRQHandler
                0x000000000000b190                VDAC0_IRQHandler
                0x000000000000b190                LDMA_IRQHandler
                0x000000000000b190                CSEN_IRQHandler
                0x000000000000b190                CRYPTO1_IRQHandler
                0x000000000000b190                TIMER0_IRQHandler
                0x000000000000b190                LETIMER0_IRQHandler
                0x000000000000b190                TIMER1_IRQHandler
                0x000000000000b190                TRNG0_IRQHandler
                0x000000000000b190                USART2_RX_IRQHandler
                0x000000000000b190                Default_Handler
                0x000000000000b190                EMU_IRQHandler
                0x000000000000b190                CRYOTIMER_IRQHandler
                0x000000000000b190                PCNT0_IRQHandler
                0x000000000000b190                ACMP0_IRQHandler
                0x000000000000b190                MemManage_Handler
                0x000000000000b190                SVC_Handler
                0x000000000000b190                RTCC_IRQHandler
                0x000000000000b190                CMU_IRQHandler
                0x000000000000b190                GPIO_ODD_IRQHandler
                0x000000000000b190                LESENSE_IRQHandler
                0x000000000000b190                BusFault_Handler
                0x000000000000b190                USART2_TX_IRQHandler
                0x000000000000b190                DebugMon_Handler
 .text.Reset_Handler
                0x000000000000b194       0x2c ./platform/Device/SiliconLabs/BGM13/Source/GCC/startup_bgm13.o
                0x000000000000b194                Reset_Handler
 .text.SystemMaxCoreClockGet
                0x000000000000b1c0        0x8 ./platform/Device/SiliconLabs/BGM13/Source/system_bgm13.o
                0x000000000000b1c0                SystemMaxCoreClockGet
 .text.SystemHFClockGet
                0x000000000000b1c8       0x50 ./platform/Device/SiliconLabs/BGM13/Source/system_bgm13.o
                0x000000000000b1c8                SystemHFClockGet
 .text.SystemCoreClockGet
                0x000000000000b218       0x24 ./platform/Device/SiliconLabs/BGM13/Source/system_bgm13.o
                0x000000000000b218                SystemCoreClockGet
 .text.SystemHFXOClockGet
                0x000000000000b23c        0xc ./platform/Device/SiliconLabs/BGM13/Source/system_bgm13.o
                0x000000000000b23c                SystemHFXOClockGet
 .text.SystemHFXOClockSet
                0x000000000000b248       0x3c ./platform/Device/SiliconLabs/BGM13/Source/system_bgm13.o
                0x000000000000b248                SystemHFXOClockSet
 .text.SystemInit
                0x000000000000b284       0x1c ./platform/Device/SiliconLabs/BGM13/Source/system_bgm13.o
                0x000000000000b284                SystemInit
 .text.SystemLFRCOClockGet
                0x000000000000b2a0        0x8 ./platform/Device/SiliconLabs/BGM13/Source/system_bgm13.o
                0x000000000000b2a0                SystemLFRCOClockGet
 .text.SystemULFRCOClockGet
                0x000000000000b2a8        0x8 ./platform/Device/SiliconLabs/BGM13/Source/system_bgm13.o
                0x000000000000b2a8                SystemULFRCOClockGet
 .text.SystemLFXOClockGet
                0x000000000000b2b0        0xc ./platform/Device/SiliconLabs/BGM13/Source/system_bgm13.o
                0x000000000000b2b0                SystemLFXOClockGet
 .text.SystemLFXOClockSet
                0x000000000000b2bc       0x3c ./platform/Device/SiliconLabs/BGM13/Source/system_bgm13.o
                0x000000000000b2bc                SystemLFXOClockSet
 .text.sleepCallbackWrapper
                0x000000000000b2f8       0x14 ./platform/emdrv/sleep/src/sleep.o
 .text.enterEMx
                0x000000000000b30c       0x54 ./platform/emdrv/sleep/src/sleep.o
 .text.SLEEP_Init
                0x000000000000b360       0x40 ./platform/emdrv/sleep/src/sleep.o
                0x000000000000b360                SLEEP_Init
 .text.SLEEP_Sleep
                0x000000000000b3a0       0x70 ./platform/emdrv/sleep/src/sleep.o
                0x000000000000b3a0                SLEEP_Sleep
 .text.SLEEP_SleepBlockBegin
                0x000000000000b410       0x18 ./platform/emdrv/sleep/src/sleep.o
                0x000000000000b410                SLEEP_SleepBlockBegin
 .text.SLEEP_SleepBlockEnd
                0x000000000000b428       0x1c ./platform/emdrv/sleep/src/sleep.o
                0x000000000000b428                SLEEP_SleepBlockEnd
 .text.SLEEP_LowestEnergyModeGet
                0x000000000000b444       0x1c ./platform/emdrv/sleep/src/sleep.o
                0x000000000000b444                SLEEP_LowestEnergyModeGet
 .text.flashWaitStateControl
                0x000000000000b460       0x5c ./platform/emlib/src/em_cmu.o
 .text.flashWaitStateMax
                0x000000000000b4bc       0x24 ./platform/emlib/src/em_cmu.o
 .text.CMU_OscillatorTuningSet.part.2
                0x000000000000b4e0       0x3c ./platform/emlib/src/em_cmu.o
 .text.CMU_UpdateWaitStates
                0x000000000000b51c       0x1c ./platform/emlib/src/em_cmu.o
                0x000000000000b51c                CMU_UpdateWaitStates
 .text.CMU_ClockEnable
                0x000000000000b538       0x94 ./platform/emlib/src/em_cmu.o
                0x000000000000b538                CMU_ClockEnable
 .text.CMU_ClockSelectGet
                0x000000000000b5cc       0xc4 ./platform/emlib/src/em_cmu.o
                0x000000000000b5cc                CMU_ClockSelectGet
 .text.lfClkGet
                0x000000000000b690       0x94 ./platform/emlib/src/em_cmu.o
 .text.CMU_ClockFreqGet
                0x000000000000b724      0x1b8 ./platform/emlib/src/em_cmu.o
                0x000000000000b724                CMU_ClockFreqGet
 .text.CMU_OscillatorTuningWait
                0x000000000000b8dc       0x48 ./platform/emlib/src/em_cmu.o
                0x000000000000b8dc                CMU_OscillatorTuningWait
 .text.CMU_OscillatorEnable
                0x000000000000b924      0x120 ./platform/emlib/src/em_cmu.o
                0x000000000000b924                CMU_OscillatorEnable
 .text.CMU_ClockSelectSet
                0x000000000000ba44      0x2a8 ./platform/emlib/src/em_cmu.o
                0x000000000000ba44                CMU_ClockSelectSet
 .text.CMU_HFXOAutostartEnable
                0x000000000000bcec       0xe4 ./platform/emlib/src/em_cmu.o
                0x000000000000bcec                CMU_HFXOAutostartEnable
 .text.CMU_HFXOInit
                0x000000000000bdd0       0x7c ./platform/emlib/src/em_cmu.o
                0x000000000000bdd0                CMU_HFXOInit
 .text.CMU_LFXOInit
                0x000000000000be4c       0x44 ./platform/emlib/src/em_cmu.o
                0x000000000000be4c                CMU_LFXOInit
 .text.CORE_EnterCritical
                0x000000000000be90        0x8 ./platform/emlib/src/em_core.o
                0x000000000000be90                CORE_EnterCritical
 .text.CORE_ExitCritical
                0x000000000000be98        0x8 ./platform/emlib/src/em_core.o
                0x000000000000be98                CORE_ExitCritical
 .text.CORE_EnterAtomic
                0x000000000000bea0        0x8 ./platform/emlib/src/em_core.o
                0x000000000000bea0                CORE_EnterAtomic
 .text.CORE_ExitAtomic
                0x000000000000bea8        0x4 ./platform/emlib/src/em_core.o
                0x000000000000bea8                CORE_ExitAtomic
 .text.CORE_SetNvicRamTableHandler
                0x000000000000beac       0x10 ./platform/emlib/src/em_core.o
                0x000000000000beac                CORE_SetNvicRamTableHandler
 .text.CORE_InitNvicVectorTable
                0x000000000000bebc       0x44 ./platform/emlib/src/em_core.o
                0x000000000000bebc                CORE_InitNvicVectorTable
 .text.CRYPTO_ModulusSet
                0x000000000000bf00       0x38 ./platform/emlib/src/em_crypto.o
                0x000000000000bf00                CRYPTO_ModulusSet
 .text.CRYPTO_KeyRead
                0x000000000000bf38       0x2c ./platform/emlib/src/em_crypto.o
                0x000000000000bf38                CRYPTO_KeyRead
 .text.lpGetDevinfoVrefLowHigh
                0x000000000000bf64       0xdc ./platform/emlib/src/em_emu.o
 .text.vScaleDownEM23Setup
                0x000000000000c040       0x30 ./platform/emlib/src/em_emu.o
 .text.vScaleAfterWakeup.part.1
                0x000000000000c070       0x20 ./platform/emlib/src/em_emu.o
 .text.lpCmpHystCalibrationLoad.isra.2
                0x000000000000c090       0x60 ./platform/emlib/src/em_emu.o
 .text.emState.part.3
                0x000000000000c0f0       0xc0 ./platform/emlib/src/em_emu.o
 .text.emState.constprop.5
                0x000000000000c1b0       0x50 ./platform/emlib/src/em_emu.o
 .text.EMU_EnterEM2
                0x000000000000c200       0x4c ./platform/emlib/src/em_emu.o
                0x000000000000c200                EMU_EnterEM2
 .text.EMU_EnterEM3
                0x000000000000c24c       0x68 ./platform/emlib/src/em_emu.o
                0x000000000000c24c                EMU_EnterEM3
 .text.EMU_Save
                0x000000000000c2b4        0x4 ./platform/emlib/src/em_emu.o
                0x000000000000c2b4                EMU_Save
 .text.EMU_Restore
                0x000000000000c2b8        0x4 ./platform/emlib/src/em_emu.o
                0x000000000000c2b8                EMU_Restore
 .text.EMU_EnterEM4
                0x000000000000c2bc       0x30 ./platform/emlib/src/em_emu.o
                0x000000000000c2bc                EMU_EnterEM4
 .text.EMU_VScaleEM01
                0x000000000000c2ec       0x78 ./platform/emlib/src/em_emu.o
                0x000000000000c2ec                EMU_VScaleEM01
 .text.EMU_VScaleEM01ByClock
                0x000000000000c364       0x50 ./platform/emlib/src/em_emu.o
                0x000000000000c364                EMU_VScaleEM01ByClock
 .text.EMU_EM01Init
                0x000000000000c3b4       0x14 ./platform/emlib/src/em_emu.o
                0x000000000000c3b4                EMU_EM01Init
 .text.EMU_EM23Init
                0x000000000000c3c8       0x24 ./platform/emlib/src/em_emu.o
                0x000000000000c3c8                EMU_EM23Init
 .text.EMU_DCDCModeSet
                0x000000000000c3ec       0x84 ./platform/emlib/src/em_emu.o
                0x000000000000c3ec                EMU_DCDCModeSet
 .text.EMU_DCDCOutputVoltageSet
                0x000000000000c470      0x16c ./platform/emlib/src/em_emu.o
                0x000000000000c470                EMU_DCDCOutputVoltageSet
 .text.EMU_DCDCOptimizeSlice
                0x000000000000c5dc       0xf8 ./platform/emlib/src/em_emu.o
                0x000000000000c5dc                EMU_DCDCOptimizeSlice
 .text.EMU_DCDCInit
                0x000000000000c6d4      0x10c ./platform/emlib/src/em_emu.o
                0x000000000000c6d4                EMU_DCDCInit
 .text.EMU_DCDCLnRcoBandSet
                0x000000000000c7e0       0x24 ./platform/emlib/src/em_emu.o
                0x000000000000c7e0                EMU_DCDCLnRcoBandSet
 .text.GPIO_PinModeSet
                0x000000000000c804       0x94 ./platform/emlib/src/em_gpio.o
                0x000000000000c804                GPIO_PinModeSet
 .text.MSC_Init
                0x000000000000c898       0x20 ./platform/emlib/src/em_msc.o
                0x000000000000c898                MSC_Init
 .text.MSC_Deinit
                0x000000000000c8b8       0x14 ./platform/emlib/src/em_msc.o
                0x000000000000c8b8                MSC_Deinit
 .text.RMU_ResetCauseClear
                0x000000000000c8cc        0xc ./platform/emlib/src/em_rmu.o
                0x000000000000c8cc                RMU_ResetCauseClear
 .text.RMU_ResetCauseGet
                0x000000000000c8d8       0x60 ./platform/emlib/src/em_rmu.o
                0x000000000000c8d8                RMU_ResetCauseGet
 .text.RTCC_Init
                0x000000000000c938       0x64 ./platform/emlib/src/em_rtcc.o
                0x000000000000c938                RTCC_Init
 .text.SYSTEM_ChipRevisionGet
                0x000000000000c99c       0x34 ./platform/emlib/src/em_system.o
                0x000000000000c99c                SYSTEM_ChipRevisionGet
 .text.USART_BaudrateAsyncSet
                0x000000000000c9d0       0x68 ./platform/emlib/src/em_usart.o
                0x000000000000c9d0                USART_BaudrateAsyncSet
 .text.USART_Enable
                0x000000000000ca38       0x10 ./platform/emlib/src/em_usart.o
                0x000000000000ca38                USART_Enable
 .text.USART_InitAsync
                0x000000000000ca48       0xbc ./platform/emlib/src/em_usart.o
                0x000000000000ca48                USART_InitAsync
 .text.USART_Rx
                0x000000000000cb04        0xc ./platform/emlib/src/em_usart.o
                0x000000000000cb04                USART_Rx
 .text.USART_Tx
                0x000000000000cb10        0xc ./platform/emlib/src/em_usart.o
                0x000000000000cb10                USART_Tx
 .text.convert_scan_respone_packet_type.isra.0
                0x000000000000cb1c       0x44 /Users/clfilho/SimplicityStudio/BLE/BG13PUART/protocol/bluetooth/lib/EFR32BG13P/GCC/libbluetooth.a(bgapi.c.obj)
 .text.bgapi_ubt_listener
                0x000000000000cb60      0x3d4 /Users/clfilho/SimplicityStudio/BLE/BG13PUART/protocol/bluetooth/lib/EFR32BG13P/GCC/libbluetooth.a(bgapi.c.obj)
                0x000000000000cb60                bgapi_ubt_listener
 .text.bgapi_init
                0x000000000000cf34       0x10 /Users/clfilho/SimplicityStudio/BLE/BG13PUART/protocol/bluetooth/lib/EFR32BG13P/GCC/libbluetooth.a(bgapi.c.obj)
                0x000000000000cf34                bgapi_init
 .text.bgapi_buffer_init
                0x000000000000cf44       0x30 /Users/clfilho/SimplicityStudio/BLE/BG13PUART/protocol/bluetooth/lib/EFR32BG13P/GCC/libbluetooth.a(bgapi.c.obj)
                0x000000000000cf44                bgapi_buffer_init
 .text.lib_le_gap_handler_init
                0x000000000000cf74        0x2 /Users/clfilho/SimplicityStudio/BLE/BG13PUART/protocol/bluetooth/lib/EFR32BG13P/GCC/libbluetooth.a(bgapi_gap.c.obj)
                0x000000000000cf74                lib_le_gap_handler_init
 *fill*         0x000000000000cf76        0x2 
 .text.sli_bt_cmd_le_gap_set_advertise_timing
                0x000000000000cf78       0x3c /Users/clfilho/SimplicityStudio/BLE/BG13PUART/protocol/bluetooth/lib/EFR32BG13P/GCC/libbluetooth.a(bgapi_gap.c.obj)
                0x000000000000cf78                sli_bt_cmd_le_gap_set_advertise_timing
 .text.sli_bt_cmd_le_gap_start_advertising
                0x000000000000cfb4       0x38 /Users/clfilho/SimplicityStudio/BLE/BG13PUART/protocol/bluetooth/lib/EFR32BG13P/GCC/libbluetooth.a(bgapi_gap.c.obj)
                0x000000000000cfb4                sli_bt_cmd_le_gap_start_advertising
 .text.bgapi_gatt_listener
                0x000000000000cfec      0x28c /Users/clfilho/SimplicityStudio/BLE/BG13PUART/protocol/bluetooth/lib/EFR32BG13P/GCC/libbluetooth.a(bgapi_gatt.c.obj)
                0x000000000000cfec                bgapi_gatt_listener
 .text.lib_gatt_handler_init
                0x000000000000d278        0x4 /Users/clfilho/SimplicityStudio/BLE/BG13PUART/protocol/bluetooth/lib/EFR32BG13P/GCC/libbluetooth.a(bgapi_gatt_lib.c.obj)
                0x000000000000d278                lib_gatt_handler_init
 .text.lib_gatt_server_handler_init
                0x000000000000d27c        0x2 /Users/clfilho/SimplicityStudio/BLE/BG13PUART/protocol/bluetooth/lib/EFR32BG13P/GCC/libbluetooth.a(bgapi_gatt_lib.c.obj)
                0x000000000000d27c                lib_gatt_server_handler_init
 *fill*         0x000000000000d27e        0x2 
 .text.sli_bt_cmd_gatt_server_send_user_write_response
                0x000000000000d280       0x34 /Users/clfilho/SimplicityStudio/BLE/BG13PUART/protocol/bluetooth/lib/EFR32BG13P/GCC/libbluetooth.a(bgapi_gatt_lib.c.obj)
                0x000000000000d280                sli_bt_cmd_gatt_server_send_user_write_response
 .text.lib_le_connection_handler_init
                0x000000000000d2b4        0x2 /Users/clfilho/SimplicityStudio/BLE/BG13PUART/protocol/bluetooth/lib/EFR32BG13P/GCC/libbluetooth.a(bgapi_le_connection.c.obj)
                0x000000000000d2b4                lib_le_connection_handler_init
 .text.bgapi_close_le_connection
                0x000000000000d2b6       0x16 /Users/clfilho/SimplicityStudio/BLE/BG13PUART/protocol/bluetooth/lib/EFR32BG13P/GCC/libbluetooth.a(bgapi_le_connection.c.obj)
                0x000000000000d2b6                bgapi_close_le_connection
 .text.sli_bt_cmd_le_connection_close
                0x000000000000d2cc       0x2c /Users/clfilho/SimplicityStudio/BLE/BG13PUART/protocol/bluetooth/lib/EFR32BG13P/GCC/libbluetooth.a(bgapi_le_connection.c.obj)
                0x000000000000d2cc                sli_bt_cmd_le_connection_close
 .text.bgapi_system_listener
                0x000000000000d2f8       0x30 /Users/clfilho/SimplicityStudio/BLE/BG13PUART/protocol/bluetooth/lib/EFR32BG13P/GCC/libbluetooth.a(bgapi_system.c.obj)
                0x000000000000d2f8                bgapi_system_listener
 .text.lib_system_handler_init
                0x000000000000d328       0x14 /Users/clfilho/SimplicityStudio/BLE/BG13PUART/protocol/bluetooth/lib/EFR32BG13P/GCC/libbluetooth.a(bgapi_system.c.obj)
                0x000000000000d328                lib_system_handler_init
 .text.sli_bt_cmd_system_reset
                0x000000000000d33c        0x6 /Users/clfilho/SimplicityStudio/BLE/BG13PUART/protocol/bluetooth/lib/EFR32BG13P/GCC/libbluetooth.a(bgapi_system.c.obj)
                0x000000000000d33c                sli_bt_cmd_system_reset
 *fill*         0x000000000000d342        0x2 
 .text.bgbuf_alloc_int
                0x000000000000d344       0x9c /Users/clfilho/SimplicityStudio/BLE/BG13PUART/protocol/bluetooth/lib/EFR32BG13P/GCC/libbluetooth.a(bgbuf.c.obj)
 .text.bgbuf_init
                0x000000000000d3e0       0x2c /Users/clfilho/SimplicityStudio/BLE/BG13PUART/protocol/bluetooth/lib/EFR32BG13P/GCC/libbluetooth.a(bgbuf.c.obj)
                0x000000000000d3e0                bgbuf_init
 .text.bgbuf_alloc
                0x000000000000d40c        0xc /Users/clfilho/SimplicityStudio/BLE/BG13PUART/protocol/bluetooth/lib/EFR32BG13P/GCC/libbluetooth.a(bgbuf.c.obj)
                0x000000000000d40c                bgbuf_alloc
 .text.bgbuf_alloc_size
                0x000000000000d418       0x10 /Users/clfilho/SimplicityStudio/BLE/BG13PUART/protocol/bluetooth/lib/EFR32BG13P/GCC/libbluetooth.a(bgbuf.c.obj)
                0x000000000000d418                bgbuf_alloc_size
 .text.bgbuf_free
                0x000000000000d428       0x7c /Users/clfilho/SimplicityStudio/BLE/BG13PUART/protocol/bluetooth/lib/EFR32BG13P/GCC/libbluetooth.a(bgbuf.c.obj)
                0x000000000000d428                bgbuf_free
 .text.bgbuf_append
                0x000000000000d4a4       0x16 /Users/clfilho/SimplicityStudio/BLE/BG13PUART/protocol/bluetooth/lib/EFR32BG13P/GCC/libbluetooth.a(bgbuf.c.obj)
                0x000000000000d4a4                bgbuf_append
 .text.bgbuf_append_data
                0x000000000000d4ba       0x24 /Users/clfilho/SimplicityStudio/BLE/BG13PUART/protocol/bluetooth/lib/EFR32BG13P/GCC/libbluetooth.a(bgbuf.c.obj)
                0x000000000000d4ba                bgbuf_append_data
 .text.bgbuf_copy_to
                0x000000000000d4de       0x5e /Users/clfilho/SimplicityStudio/BLE/BG13PUART/protocol/bluetooth/lib/EFR32BG13P/GCC/libbluetooth.a(bgbuf.c.obj)
                0x000000000000d4de                bgbuf_copy_to
 .text.bgbuf_chain_free
                0x000000000000d53c       0x14 /Users/clfilho/SimplicityStudio/BLE/BG13PUART/protocol/bluetooth/lib/EFR32BG13P/GCC/libbluetooth.a(bgbuf.c.obj)
                0x000000000000d53c                bgbuf_chain_free
 .text.bgbuf_clone
                0x000000000000d550       0x72 /Users/clfilho/SimplicityStudio/BLE/BG13PUART/protocol/bluetooth/lib/EFR32BG13P/GCC/libbluetooth.a(bgbuf.c.obj)
                0x000000000000d550                bgbuf_clone
 .text.bgbuf_chain_pop_packet
                0x000000000000d5c2       0x26 /Users/clfilho/SimplicityStudio/BLE/BG13PUART/protocol/bluetooth/lib/EFR32BG13P/GCC/libbluetooth.a(bgbuf.c.obj)
                0x000000000000d5c2                bgbuf_chain_pop_packet
 .text.bgbuf_prepend_no_alloc
                0x000000000000d5e8       0x40 /Users/clfilho/SimplicityStudio/BLE/BG13PUART/protocol/bluetooth/lib/EFR32BG13P/GCC/libbluetooth.a(bgbuf.c.obj)
                0x000000000000d5e8                bgbuf_prepend_no_alloc
 .text.bgbuf_prepend
                0x000000000000d628       0x24 /Users/clfilho/SimplicityStudio/BLE/BG13PUART/protocol/bluetooth/lib/EFR32BG13P/GCC/libbluetooth.a(bgbuf.c.obj)
                0x000000000000d628                bgbuf_prepend
 .text.bgbuf_split
                0x000000000000d64c       0x50 /Users/clfilho/SimplicityStudio/BLE/BG13PUART/protocol/bluetooth/lib/EFR32BG13P/GCC/libbluetooth.a(bgbuf.c.obj)
                0x000000000000d64c                bgbuf_split
 .text.bgbuf_chain_get
                0x000000000000d69c       0x46 /Users/clfilho/SimplicityStudio/BLE/BG13PUART/protocol/bluetooth/lib/EFR32BG13P/GCC/libbluetooth.a(bgbuf.c.obj)
                0x000000000000d69c                bgbuf_chain_get
 .text.bgbuf_chain_get_head
                0x000000000000d6e2       0x10 /Users/clfilho/SimplicityStudio/BLE/BG13PUART/protocol/bluetooth/lib/EFR32BG13P/GCC/libbluetooth.a(bgbuf.c.obj)
                0x000000000000d6e2                bgbuf_chain_get_head
 .text.bgbuf_chain_len
                0x000000000000d6f2       0x14 /Users/clfilho/SimplicityStudio/BLE/BG13PUART/protocol/bluetooth/lib/EFR32BG13P/GCC/libbluetooth.a(bgbuf.c.obj)
                0x000000000000d6f2                bgbuf_chain_len
 .text.bgbuf_memcmp
                0x000000000000d706       0x44 /Users/clfilho/SimplicityStudio/BLE/BG13PUART/protocol/bluetooth/lib/EFR32BG13P/GCC/libbluetooth.a(bgbuf.c.obj)
                0x000000000000d706                bgbuf_memcmp
 .text.bgbuf_cmp
                0x000000000000d74a       0xac /Users/clfilho/SimplicityStudio/BLE/BG13PUART/protocol/bluetooth/lib/EFR32BG13P/GCC/libbluetooth.a(bgbuf.c.obj)
                0x000000000000d74a                bgbuf_cmp
 .text.bgbuf_chain_add
                0x000000000000d7f6       0x14 /Users/clfilho/SimplicityStudio/BLE/BG13PUART/protocol/bluetooth/lib/EFR32BG13P/GCC/libbluetooth.a(bgbuf.c.obj)
                0x000000000000d7f6                bgbuf_chain_add
 .text.bgbuf_chain_append_data
                0x000000000000d80a       0x64 /Users/clfilho/SimplicityStudio/BLE/BG13PUART/protocol/bluetooth/lib/EFR32BG13P/GCC/libbluetooth.a(bgbuf.c.obj)
                0x000000000000d80a                bgbuf_chain_append_data
 .text.bgbuf_alloc_copy_data
                0x000000000000d86e       0x2a /Users/clfilho/SimplicityStudio/BLE/BG13PUART/protocol/bluetooth/lib/EFR32BG13P/GCC/libbluetooth.a(bgbuf.c.obj)
                0x000000000000d86e                bgbuf_alloc_copy_data
 .text.bgbuf_chain_drop
                0x000000000000d898       0x2c /Users/clfilho/SimplicityStudio/BLE/BG13PUART/protocol/bluetooth/lib/EFR32BG13P/GCC/libbluetooth.a(bgbuf.c.obj)
                0x000000000000d898                bgbuf_chain_drop
 .text.bgbuf_chain_drop_end
                0x000000000000d8c4       0x42 /Users/clfilho/SimplicityStudio/BLE/BG13PUART/protocol/bluetooth/lib/EFR32BG13P/GCC/libbluetooth.a(bgbuf.c.obj)
                0x000000000000d8c4                bgbuf_chain_drop_end
 .text.bgbuf_chain_defragment
                0x000000000000d906       0x8c /Users/clfilho/SimplicityStudio/BLE/BG13PUART/protocol/bluetooth/lib/EFR32BG13P/GCC/libbluetooth.a(bgbuf.c.obj)
                0x000000000000d906                bgbuf_chain_defragment
 *fill*         0x000000000000d992        0x2 
 .text.bgbuf_add_callback
                0x000000000000d994       0x1c /Users/clfilho/SimplicityStudio/BLE/BG13PUART/protocol/bluetooth/lib/EFR32BG13P/GCC/libbluetooth.a(bgbuf.c.obj)
                0x000000000000d994                bgbuf_add_callback
 .text.gecko_init_alloc
                0x000000000000d9b0       0x38 /Users/clfilho/SimplicityStudio/BLE/BG13PUART/protocol/bluetooth/lib/EFR32BG13P/GCC/libbluetooth.a(bglib.c.obj)
                0x000000000000d9b0                gecko_init_alloc
 .text.user_signal_message_handler
                0x000000000000d9e8       0x2c /Users/clfilho/SimplicityStudio/BLE/BG13PUART/protocol/bluetooth/lib/EFR32BG13P/GCC/libbluetooth.a(bglib.c.obj)
 .text.gecko_process_event
                0x000000000000da14       0x5c /Users/clfilho/SimplicityStudio/BLE/BG13PUART/protocol/bluetooth/lib/EFR32BG13P/GCC/libbluetooth.a(bglib.c.obj)
 .text.check_ctune_override
                0x000000000000da70       0x1e /Users/clfilho/SimplicityStudio/BLE/BG13PUART/protocol/bluetooth/lib/EFR32BG13P/GCC/libbluetooth.a(bglib.c.obj)
                0x000000000000da70                check_ctune_override
 .text.gecko_wait_event
                0x000000000000da8e        0x6 /Users/clfilho/SimplicityStudio/BLE/BG13PUART/protocol/bluetooth/lib/EFR32BG13P/GCC/libbluetooth.a(bglib.c.obj)
                0x000000000000da8e                gecko_wait_event
 .text.gecko_event_pending
                0x000000000000da94       0x1c /Users/clfilho/SimplicityStudio/BLE/BG13PUART/protocol/bluetooth/lib/EFR32BG13P/GCC/libbluetooth.a(bglib.c.obj)
                0x000000000000da94                gecko_event_pending
 .text.gecko_stack_update_callback
                0x000000000000dab0       0x10 /Users/clfilho/SimplicityStudio/BLE/BG13PUART/protocol/bluetooth/lib/EFR32BG13P/GCC/libbluetooth.a(bglib.c.obj)
                0x000000000000dab0                gecko_stack_update_callback
 .text.gecko_stack_init
                0x000000000000dac0      0x270 /Users/clfilho/SimplicityStudio/BLE/BG13PUART/protocol/bluetooth/lib/EFR32BG13P/GCC/libbluetooth.a(bglib.c.obj)
                0x000000000000dac0                gecko_stack_init
 .text.bondingdb_handle_valid
                0x000000000000dd30       0x24 /Users/clfilho/SimplicityStudio/BLE/BG13PUART/protocol/bluetooth/lib/EFR32BG13P/GCC/libbluetooth.a(bondingdb.c.obj)
 .text.bondingdb_count_bonds
                0x000000000000dd54       0x18 /Users/clfilho/SimplicityStudio/BLE/BG13PUART/protocol/bluetooth/lib/EFR32BG13P/GCC/libbluetooth.a(bondingdb.c.obj)
                0x000000000000dd54                bondingdb_count_bonds
 .text.bondingdb_get_max_bonds
                0x000000000000dd6c        0xc /Users/clfilho/SimplicityStudio/BLE/BG13PUART/protocol/bluetooth/lib/EFR32BG13P/GCC/libbluetooth.a(bondingdb.c.obj)
                0x000000000000dd6c                bondingdb_get_max_bonds
 .text.ubt_sm_get_bonds
                0x000000000000dd78        0xc /Users/clfilho/SimplicityStudio/BLE/BG13PUART/protocol/bluetooth/lib/EFR32BG13P/GCC/libbluetooth.a(bondingdb.c.obj)
                0x000000000000dd78                ubt_sm_get_bonds
 .text.ubt_sm_set_bond_data
                0x000000000000dd84       0x2e /Users/clfilho/SimplicityStudio/BLE/BG13PUART/protocol/bluetooth/lib/EFR32BG13P/GCC/libbluetooth.a(bondingdb.c.obj)
                0x000000000000dd84                ubt_sm_set_bond_data
 *fill*         0x000000000000ddb2        0x2 
 .text.bondingdb_find_by_data
                0x000000000000ddb4       0x5c /Users/clfilho/SimplicityStudio/BLE/BG13PUART/protocol/bluetooth/lib/EFR32BG13P/GCC/libbluetooth.a(bondingdb.c.obj)
                0x000000000000ddb4                bondingdb_find_by_data
 .text.ubt_sm_get_bond_data
                0x000000000000de10       0x30 /Users/clfilho/SimplicityStudio/BLE/BG13PUART/protocol/bluetooth/lib/EFR32BG13P/GCC/libbluetooth.a(bondingdb.c.obj)
                0x000000000000de10                ubt_sm_get_bond_data
 .text.ubt_sm_delete_bonding
                0x000000000000de40       0xd4 /Users/clfilho/SimplicityStudio/BLE/BG13PUART/protocol/bluetooth/lib/EFR32BG13P/GCC/libbluetooth.a(bondingdb.c.obj)
                0x000000000000de40                ubt_sm_delete_bonding
 .text.ubt_sm_alloc_bond
                0x000000000000df14       0xe0 /Users/clfilho/SimplicityStudio/BLE/BG13PUART/protocol/bluetooth/lib/EFR32BG13P/GCC/libbluetooth.a(bondingdb.c.obj)
                0x000000000000df14                ubt_sm_alloc_bond
 .text.bondingdb_check_bonds
                0x000000000000dff4       0x38 /Users/clfilho/SimplicityStudio/BLE/BG13PUART/protocol/bluetooth/lib/EFR32BG13P/GCC/libbluetooth.a(bondingdb.c.obj)
                0x000000000000dff4                bondingdb_check_bonds
 .text.bondingdb_init
                0x000000000000e02c       0x58 /Users/clfilho/SimplicityStudio/BLE/BG13PUART/protocol/bluetooth/lib/EFR32BG13P/GCC/libbluetooth.a(bondingdb.c.obj)
                0x000000000000e02c                bondingdb_init
 .text.bondingdb_update_bonding_list
                0x000000000000e084       0x54 /Users/clfilho/SimplicityStudio/BLE/BG13PUART/protocol/bluetooth/lib/EFR32BG13P/GCC/libbluetooth.a(bondingdb.c.obj)
                0x000000000000e084                bondingdb_update_bonding_list
 .text.bondingdb_set_irk
                0x000000000000e0d8        0x8 /Users/clfilho/SimplicityStudio/BLE/BG13PUART/protocol/bluetooth/lib/EFR32BG13P/GCC/libbluetooth.a(bondingdb.c.obj)
                0x000000000000e0d8                bondingdb_set_irk
 .text.bondingdb_get_irk
                0x000000000000e0e0       0x16 /Users/clfilho/SimplicityStudio/BLE/BG13PUART/protocol/bluetooth/lib/EFR32BG13P/GCC/libbluetooth.a(bondingdb.c.obj)
                0x000000000000e0e0                bondingdb_get_irk
 .text.bondingdb_is_bonded
                0x000000000000e0f6       0x20 /Users/clfilho/SimplicityStudio/BLE/BG13PUART/protocol/bluetooth/lib/EFR32BG13P/GCC/libbluetooth.a(bondingdb.c.obj)
                0x000000000000e0f6                bondingdb_is_bonded
 *fill*         0x000000000000e116        0x2 
 .text.bootloader_getInfo
                0x000000000000e118       0x58 /Users/clfilho/SimplicityStudio/BLE/BG13PUART/protocol/bluetooth/lib/EFR32BG13P/GCC/libbluetooth.a(btl_interface.c.obj)
                0x000000000000e118                bootloader_getInfo
 .text.bg_hal_set_ctune
                0x000000000000e170       0x64 /Users/clfilho/SimplicityStudio/BLE/BG13PUART/protocol/bluetooth/lib/EFR32BG13P/GCC/libbluetooth.a(efr32xg1x.c.obj)
                0x000000000000e170                bg_hal_set_ctune
 .text.bg_hal_get_le_phys
                0x000000000000e1d4        0x4 /Users/clfilho/SimplicityStudio/BLE/BG13PUART/protocol/bluetooth/lib/EFR32BG13P/GCC/libbluetooth.a(efr32xg1x.c.obj)
                0x000000000000e1d4                bg_hal_get_le_phys
 .text.bg_hal_high_power_pa_mode_value
                0x000000000000e1d8        0x4 /Users/clfilho/SimplicityStudio/BLE/BG13PUART/protocol/bluetooth/lib/EFR32BG13P/GCC/libbluetooth.a(efr32xg1x.c.obj)
                0x000000000000e1d8                bg_hal_high_power_pa_mode_value
 .text.bg_hal_init_hfbus_clocks
                0x000000000000e1dc       0x14 /Users/clfilho/SimplicityStudio/BLE/BG13PUART/protocol/bluetooth/lib/EFR32BG13P/GCC/libbluetooth.a(efr32xg1x.c.obj)
                0x000000000000e1dc                bg_hal_init_hfbus_clocks
 .text.gap_is_scanning_or_advertising.part.0
                0x000000000000e1f0       0x2c /Users/clfilho/SimplicityStudio/BLE/BG13PUART/protocol/bluetooth/lib/EFR32BG13P/GCC/libbluetooth.a(gap.c.obj)
 .text.gap_is_resolvable
                0x000000000000e21c       0x18 /Users/clfilho/SimplicityStudio/BLE/BG13PUART/protocol/bluetooth/lib/EFR32BG13P/GCC/libbluetooth.a(gap.c.obj)
                0x000000000000e21c                gap_is_resolvable
 .text.gap_init
                0x000000000000e234       0x14 /Users/clfilho/SimplicityStudio/BLE/BG13PUART/protocol/bluetooth/lib/EFR32BG13P/GCC/libbluetooth.a(gap.c.obj)
                0x000000000000e234                gap_init
 .text.gap_reset_state
                0x000000000000e248       0xbc /Users/clfilho/SimplicityStudio/BLE/BG13PUART/protocol/bluetooth/lib/EFR32BG13P/GCC/libbluetooth.a(gap.c.obj)
                0x000000000000e248                gap_reset_state
 .text.gap_notify_connection_parameters
                0x000000000000e304       0x60 /Users/clfilho/SimplicityStudio/BLE/BG13PUART/protocol/bluetooth/lib/EFR32BG13P/GCC/libbluetooth.a(gap.c.obj)
                0x000000000000e304                gap_notify_connection_parameters
 .text.gap_connection_complete.part.4
                0x000000000000e364       0xc8 /Users/clfilho/SimplicityStudio/BLE/BG13PUART/protocol/bluetooth/lib/EFR32BG13P/GCC/libbluetooth.a(gap.c.obj)
 .text.gap_notify_phy_status
                0x000000000000e42c       0x3c /Users/clfilho/SimplicityStudio/BLE/BG13PUART/protocol/bluetooth/lib/EFR32BG13P/GCC/libbluetooth.a(gap.c.obj)
                0x000000000000e42c                gap_notify_phy_status
 .text.gap_resolver_completed
                0x000000000000e468       0xac /Users/clfilho/SimplicityStudio/BLE/BG13PUART/protocol/bluetooth/lib/EFR32BG13P/GCC/libbluetooth.a(gap.c.obj)
                0x000000000000e468                gap_resolver_completed
 .text.check_private_address_and_timer
                0x000000000000e514       0x64 /Users/clfilho/SimplicityStudio/BLE/BG13PUART/protocol/bluetooth/lib/EFR32BG13P/GCC/libbluetooth.a(gap.c.obj)
                0x000000000000e514                check_private_address_and_timer
 .text.gap_scan_update
                0x000000000000e578       0xbc /Users/clfilho/SimplicityStudio/BLE/BG13PUART/protocol/bluetooth/lib/EFR32BG13P/GCC/libbluetooth.a(gap.c.obj)
                0x000000000000e578                gap_scan_update
 .text.gap_listener
                0x000000000000e634       0xa0 /Users/clfilho/SimplicityStudio/BLE/BG13PUART/protocol/bluetooth/lib/EFR32BG13P/GCC/libbluetooth.a(gap.c.obj)
                0x000000000000e634                gap_listener
 .text.gap_disconnect_acl
                0x000000000000e6d4       0x12 /Users/clfilho/SimplicityStudio/BLE/BG13PUART/protocol/bluetooth/lib/EFR32BG13P/GCC/libbluetooth.a(gap.c.obj)
                0x000000000000e6d4                gap_disconnect_acl
 *fill*         0x000000000000e6e6        0x2 
 .text.gap_connection_disconnected
                0x000000000000e6e8       0x34 /Users/clfilho/SimplicityStudio/BLE/BG13PUART/protocol/bluetooth/lib/EFR32BG13P/GCC/libbluetooth.a(gap.c.obj)
                0x000000000000e6e8                gap_connection_disconnected
 .text.gap_connection_complete
                0x000000000000e71c       0x5c /Users/clfilho/SimplicityStudio/BLE/BG13PUART/protocol/bluetooth/lib/EFR32BG13P/GCC/libbluetooth.a(gap.c.obj)
                0x000000000000e71c                gap_connection_complete
 .text.gap_encryption_changed
                0x000000000000e778       0x50 /Users/clfilho/SimplicityStudio/BLE/BG13PUART/protocol/bluetooth/lib/EFR32BG13P/GCC/libbluetooth.a(gap.c.obj)
                0x000000000000e778                gap_encryption_changed
 .text.ubt_gap_set_static_address_identity
                0x000000000000e7c8       0x50 /Users/clfilho/SimplicityStudio/BLE/BG13PUART/protocol/bluetooth/lib/EFR32BG13P/GCC/libbluetooth.a(gap.c.obj)
                0x000000000000e7c8                ubt_gap_set_static_address_identity
 .text.ubt_gap_get_identity_address
                0x000000000000e818       0x1c /Users/clfilho/SimplicityStudio/BLE/BG13PUART/protocol/bluetooth/lib/EFR32BG13P/GCC/libbluetooth.a(gap.c.obj)
                0x000000000000e818                ubt_gap_get_identity_address
 .text.gap_acl_new
                0x000000000000e834       0x30 /Users/clfilho/SimplicityStudio/BLE/BG13PUART/protocol/bluetooth/lib/EFR32BG13P/GCC/libbluetooth.a(gap.c.obj)
                0x000000000000e834                gap_acl_new
 .text.ubt_gap_get_identity_address_type
                0x000000000000e864       0x10 /Users/clfilho/SimplicityStudio/BLE/BG13PUART/protocol/bluetooth/lib/EFR32BG13P/GCC/libbluetooth.a(gap.c.obj)
                0x000000000000e864                ubt_gap_get_identity_address_type
 .text.cache_adv_scan_packet
                0x000000000000e874       0x20 /Users/clfilho/SimplicityStudio/BLE/BG13PUART/protocol/bluetooth/lib/EFR32BG13P/GCC/libbluetooth.a(gap_adv.c.obj)
 .text.bgbuf_chain_append_byte
                0x000000000000e894       0x16 /Users/clfilho/SimplicityStudio/BLE/BG13PUART/protocol/bluetooth/lib/EFR32BG13P/GCC/libbluetooth.a(gap_adv.c.obj)
 .text.gap_adv_add_attribute
                0x000000000000e8aa       0xa6 /Users/clfilho/SimplicityStudio/BLE/BG13PUART/protocol/bluetooth/lib/EFR32BG13P/GCC/libbluetooth.a(gap_adv.c.obj)
 .text.gap_adv_add_name
                0x000000000000e950       0x9e /Users/clfilho/SimplicityStudio/BLE/BG13PUART/protocol/bluetooth/lib/EFR32BG13P/GCC/libbluetooth.a(gap_adv.c.obj)
 .text.is_explicit_legacy_advertising
                0x000000000000e9ee       0x10 /Users/clfilho/SimplicityStudio/BLE/BG13PUART/protocol/bluetooth/lib/EFR32BG13P/GCC/libbluetooth.a(gap_adv.c.obj)
 .text.can_do_extended_advertising
                0x000000000000e9fe       0x18 /Users/clfilho/SimplicityStudio/BLE/BG13PUART/protocol/bluetooth/lib/EFR32BG13P/GCC/libbluetooth.a(gap_adv.c.obj)
                0x000000000000e9fe                can_do_extended_advertising
 .text.is_legacy_advertising_preferred
                0x000000000000ea16       0x4a /Users/clfilho/SimplicityStudio/BLE/BG13PUART/protocol/bluetooth/lib/EFR32BG13P/GCC/libbluetooth.a(gap_adv.c.obj)
 .text.gap_alloc_mem
                0x000000000000ea60       0x2c /Users/clfilho/SimplicityStudio/BLE/BG13PUART/protocol/bluetooth/lib/EFR32BG13P/GCC/libbluetooth.a(gap_adv.c.obj)
                0x000000000000ea60                gap_alloc_mem
 .text.gap_adv_terminated_callback
                0x000000000000ea8c       0x60 /Users/clfilho/SimplicityStudio/BLE/BG13PUART/protocol/bluetooth/lib/EFR32BG13P/GCC/libbluetooth.a(gap_adv.c.obj)
                0x000000000000ea8c                gap_adv_terminated_callback
 .text.gap_create_adv_packets
                0x000000000000eaec      0x128 /Users/clfilho/SimplicityStudio/BLE/BG13PUART/protocol/bluetooth/lib/EFR32BG13P/GCC/libbluetooth.a(gap_adv.c.obj)
                0x000000000000eaec                gap_create_adv_packets
 .text.gap_set_advertising_timeout
                0x000000000000ec14       0x7c /Users/clfilho/SimplicityStudio/BLE/BG13PUART/protocol/bluetooth/lib/EFR32BG13P/GCC/libbluetooth.a(gap_adv.c.obj)
                0x000000000000ec14                gap_set_advertising_timeout
 .text.gap_set_advertising_timing
                0x000000000000ec90       0x64 /Users/clfilho/SimplicityStudio/BLE/BG13PUART/protocol/bluetooth/lib/EFR32BG13P/GCC/libbluetooth.a(gap_adv.c.obj)
                0x000000000000ec90                gap_set_advertising_timing
 .text.gap_get_advertising_scan_report_enable
                0x000000000000ecf4       0x24 /Users/clfilho/SimplicityStudio/BLE/BG13PUART/protocol/bluetooth/lib/EFR32BG13P/GCC/libbluetooth.a(gap_adv.c.obj)
                0x000000000000ecf4                gap_get_advertising_scan_report_enable
 .text.gap_adv_update
                0x000000000000ed18      0x1f8 /Users/clfilho/SimplicityStudio/BLE/BG13PUART/protocol/bluetooth/lib/EFR32BG13P/GCC/libbluetooth.a(gap_adv.c.obj)
                0x000000000000ed18                gap_adv_update
 .text.gap_stop_advertising
                0x000000000000ef10       0x2c /Users/clfilho/SimplicityStudio/BLE/BG13PUART/protocol/bluetooth/lib/EFR32BG13P/GCC/libbluetooth.a(gap_adv.c.obj)
                0x000000000000ef10                gap_stop_advertising
 .text.gap_start_advertising
                0x000000000000ef3c      0x11c /Users/clfilho/SimplicityStudio/BLE/BG13PUART/protocol/bluetooth/lib/EFR32BG13P/GCC/libbluetooth.a(gap_adv.c.obj)
                0x000000000000ef3c                gap_start_advertising
 .text.ubt_gap_alloc_periodic_adv
                0x000000000000f058        0x2 /Users/clfilho/SimplicityStudio/BLE/BG13PUART/protocol/bluetooth/lib/EFR32BG13P/GCC/libbluetooth.a(gap_periodic_adv-stubs.c.obj)
                0x000000000000f058                ubt_gap_alloc_periodic_adv
 .text.gap_periodic_adv_update
                0x000000000000f05a        0x4 /Users/clfilho/SimplicityStudio/BLE/BG13PUART/protocol/bluetooth/lib/EFR32BG13P/GCC/libbluetooth.a(gap_periodic_adv-stubs.c.obj)
                0x000000000000f05a                gap_periodic_adv_update
 .text.ubt_gap_alloc_periodic_scan
                0x000000000000f05e        0x2 /Users/clfilho/SimplicityStudio/BLE/BG13PUART/protocol/bluetooth/lib/EFR32BG13P/GCC/libbluetooth.a(gap_periodic_scan-stubs.c.obj)
                0x000000000000f05e                ubt_gap_alloc_periodic_scan
 .text.gap_address_resolver_step
                0x000000000000f060       0x94 /Users/clfilho/SimplicityStudio/BLE/BG13PUART/protocol/bluetooth/lib/EFR32BG13P/GCC/libbluetooth.a(gap_resolver.c.obj)
                0x000000000000f060                gap_address_resolver_step
 .text.gap_resolver_start
                0x000000000000f0f4       0x40 /Users/clfilho/SimplicityStudio/BLE/BG13PUART/protocol/bluetooth/lib/EFR32BG13P/GCC/libbluetooth.a(gap_resolver.c.obj)
                0x000000000000f0f4                gap_resolver_start
 .text.gap_status_set_scan_packet
                0x000000000000f134       0x20 /Users/clfilho/SimplicityStudio/BLE/BG13PUART/protocol/bluetooth/lib/EFR32BG13P/GCC/libbluetooth.a(gap_scan.c.obj)
                0x000000000000f134                gap_status_set_scan_packet
 .text.gat_status_get_scan_packet
                0x000000000000f154        0xc /Users/clfilho/SimplicityStudio/BLE/BG13PUART/protocol/bluetooth/lib/EFR32BG13P/GCC/libbluetooth.a(gap_scan.c.obj)
                0x000000000000f154                gat_status_get_scan_packet
 .text.gap_status_set_scan_response
                0x000000000000f160       0x20 /Users/clfilho/SimplicityStudio/BLE/BG13PUART/protocol/bluetooth/lib/EFR32BG13P/GCC/libbluetooth.a(gap_scan.c.obj)
                0x000000000000f160                gap_status_set_scan_response
 .text.gat_status_get_scan_response
                0x000000000000f180        0xc /Users/clfilho/SimplicityStudio/BLE/BG13PUART/protocol/bluetooth/lib/EFR32BG13P/GCC/libbluetooth.a(gap_scan.c.obj)
                0x000000000000f180                gat_status_get_scan_response
 .text.handle_scan_response_callback
                0x000000000000f18c      0x19c /Users/clfilho/SimplicityStudio/BLE/BG13PUART/protocol/bluetooth/lib/EFR32BG13P/GCC/libbluetooth.a(gap_scan.c.obj)
                0x000000000000f18c                handle_scan_response_callback
 .text.gap_whitelist_clear_list
                0x000000000000f328        0x6 /Users/clfilho/SimplicityStudio/BLE/BG13PUART/protocol/bluetooth/lib/EFR32BG13P/GCC/libbluetooth.a(gap_whitelist-stubs.c.obj)
                0x000000000000f328                gap_whitelist_clear_list
 .text.gap_whitelist_add_device
                0x000000000000f32e        0x6 /Users/clfilho/SimplicityStudio/BLE/BG13PUART/protocol/bluetooth/lib/EFR32BG13P/GCC/libbluetooth.a(gap_whitelist-stubs.c.obj)
                0x000000000000f32e                gap_whitelist_add_device
 .text.gap_whitelist_remove_device
                0x000000000000f334        0x6 /Users/clfilho/SimplicityStudio/BLE/BG13PUART/protocol/bluetooth/lib/EFR32BG13P/GCC/libbluetooth.a(gap_whitelist-stubs.c.obj)
                0x000000000000f334                gap_whitelist_remove_device
 *fill*         0x000000000000f33a        0x2 
 .text.gatt_init
                0x000000000000f33c        0xc /Users/clfilho/SimplicityStudio/BLE/BG13PUART/protocol/bluetooth/lib/EFR32BG13P/GCC/libbluetooth.a(gatt.c.obj)
                0x000000000000f33c                gatt_init
 .text.gatt_init_connection
                0x000000000000f348       0x50 /Users/clfilho/SimplicityStudio/BLE/BG13PUART/protocol/bluetooth/lib/EFR32BG13P/GCC/libbluetooth.a(gatt.c.obj)
                0x000000000000f348                gatt_init_connection
 .text.gatt_free_connection
                0x000000000000f398       0x54 /Users/clfilho/SimplicityStudio/BLE/BG13PUART/protocol/bluetooth/lib/EFR32BG13P/GCC/libbluetooth.a(gatt.c.obj)
                0x000000000000f398                gatt_free_connection
 .text.send_gatt_mtu_exchanged_event
                0x000000000000f3ec       0x2a /Users/clfilho/SimplicityStudio/BLE/BG13PUART/protocol/bluetooth/lib/EFR32BG13P/GCC/libbluetooth.a(gatt.c.obj)
                0x000000000000f3ec                send_gatt_mtu_exchanged_event
 .text.gatt_start_procedure_timeout_timer
                0x000000000000f416       0x16 /Users/clfilho/SimplicityStudio/BLE/BG13PUART/protocol/bluetooth/lib/EFR32BG13P/GCC/libbluetooth.a(gatt.c.obj)
                0x000000000000f416                gatt_start_procedure_timeout_timer
 .text.gatt_stop_procedure_timeout_timer
                0x000000000000f42c        0x6 /Users/clfilho/SimplicityStudio/BLE/BG13PUART/protocol/bluetooth/lib/EFR32BG13P/GCC/libbluetooth.a(gatt.c.obj)
                0x000000000000f42c                gatt_stop_procedure_timeout_timer
 .text.gatt_start_procedure
                0x000000000000f432       0x24 /Users/clfilho/SimplicityStudio/BLE/BG13PUART/protocol/bluetooth/lib/EFR32BG13P/GCC/libbluetooth.a(gatt.c.obj)
                0x000000000000f432                gatt_start_procedure
 .text.gatt_procedure_timeout
                0x000000000000f456       0x2e /Users/clfilho/SimplicityStudio/BLE/BG13PUART/protocol/bluetooth/lib/EFR32BG13P/GCC/libbluetooth.a(gatt.c.obj)
                0x000000000000f456                gatt_procedure_timeout
 .text.gatt_listener
                0x000000000000f484       0x84 /Users/clfilho/SimplicityStudio/BLE/BG13PUART/protocol/bluetooth/lib/EFR32BG13P/GCC/libbluetooth.a(gatt.c.obj)
 .text.gatt_get_connection
                0x000000000000f508        0xc /Users/clfilho/SimplicityStudio/BLE/BG13PUART/protocol/bluetooth/lib/EFR32BG13P/GCC/libbluetooth.a(gatt.c.obj)
                0x000000000000f508                gatt_get_connection
 .text.gatt_get_next_connection
                0x000000000000f514       0x1a /Users/clfilho/SimplicityStudio/BLE/BG13PUART/protocol/bluetooth/lib/EFR32BG13P/GCC/libbluetooth.a(gatt.c.obj)
                0x000000000000f514                gatt_get_next_connection
 .text.free_params_data
                0x000000000000f52e       0x16 /Users/clfilho/SimplicityStudio/BLE/BG13PUART/protocol/bluetooth/lib/EFR32BG13P/GCC/libbluetooth.a(gatt_client.c.obj)
 .text.alloc_params_data
                0x000000000000f544       0x2c /Users/clfilho/SimplicityStudio/BLE/BG13PUART/protocol/bluetooth/lib/EFR32BG13P/GCC/libbluetooth.a(gatt_client.c.obj)
 .text.should_start_long_read
                0x000000000000f570       0x36 /Users/clfilho/SimplicityStudio/BLE/BG13PUART/protocol/bluetooth/lib/EFR32BG13P/GCC/libbluetooth.a(gatt_client.c.obj)
 .text.send_service_event
                0x000000000000f5a6       0x4a /Users/clfilho/SimplicityStudio/BLE/BG13PUART/protocol/bluetooth/lib/EFR32BG13P/GCC/libbluetooth.a(gatt_client.c.obj)
 .text.end_procedure
                0x000000000000f5f0       0x3c /Users/clfilho/SimplicityStudio/BLE/BG13PUART/protocol/bluetooth/lib/EFR32BG13P/GCC/libbluetooth.a(gatt_client.c.obj)
 .text.abort_long_write
                0x000000000000f62c       0x20 /Users/clfilho/SimplicityStudio/BLE/BG13PUART/protocol/bluetooth/lib/EFR32BG13P/GCC/libbluetooth.a(gatt_client.c.obj)
 .text.send_characteristic_value_event
                0x000000000000f64c       0x80 /Users/clfilho/SimplicityStudio/BLE/BG13PUART/protocol/bluetooth/lib/EFR32BG13P/GCC/libbluetooth.a(gatt_client.c.obj)
 .text.send_descriptor_value_event
                0x000000000000f6cc       0x48 /Users/clfilho/SimplicityStudio/BLE/BG13PUART/protocol/bluetooth/lib/EFR32BG13P/GCC/libbluetooth.a(gatt_client.c.obj)
 .text.write_value
                0x000000000000f714       0x4a /Users/clfilho/SimplicityStudio/BLE/BG13PUART/protocol/bluetooth/lib/EFR32BG13P/GCC/libbluetooth.a(gatt_client.c.obj)
 *fill*         0x000000000000f75e        0x2 
 .text.gatt_find_included_services_handler
                0x000000000000f760       0xb0 /Users/clfilho/SimplicityStudio/BLE/BG13PUART/protocol/bluetooth/lib/EFR32BG13P/GCC/libbluetooth.a(gatt_client.c.obj)
                0x000000000000f760                gatt_find_included_services_handler
 .text.gatt_handle_exchange_mtu_rsp
                0x000000000000f810       0x48 /Users/clfilho/SimplicityStudio/BLE/BG13PUART/protocol/bluetooth/lib/EFR32BG13P/GCC/libbluetooth.a(gatt_client.c.obj)
                0x000000000000f810                gatt_handle_exchange_mtu_rsp
 .text.gatt_handle_find_information_response
                0x000000000000f858      0x152 /Users/clfilho/SimplicityStudio/BLE/BG13PUART/protocol/bluetooth/lib/EFR32BG13P/GCC/libbluetooth.a(gatt_client.c.obj)
                0x000000000000f858                gatt_handle_find_information_response
 .text.gatt_handle_find_by_type_value_response
                0x000000000000f9aa       0xa0 /Users/clfilho/SimplicityStudio/BLE/BG13PUART/protocol/bluetooth/lib/EFR32BG13P/GCC/libbluetooth.a(gatt_client.c.obj)
                0x000000000000f9aa                gatt_handle_find_by_type_value_response
 *fill*         0x000000000000fa4a        0x2 
 .text.gatt_handle_read_response
                0x000000000000fa4c       0xe4 /Users/clfilho/SimplicityStudio/BLE/BG13PUART/protocol/bluetooth/lib/EFR32BG13P/GCC/libbluetooth.a(gatt_client.c.obj)
                0x000000000000fa4c                gatt_handle_read_response
 .text.read_long_value_handler
                0x000000000000fb30       0x72 /Users/clfilho/SimplicityStudio/BLE/BG13PUART/protocol/bluetooth/lib/EFR32BG13P/GCC/libbluetooth.a(gatt_client.c.obj)
 .text.gatt_handle_read_blob_response
                0x000000000000fba2       0x36 /Users/clfilho/SimplicityStudio/BLE/BG13PUART/protocol/bluetooth/lib/EFR32BG13P/GCC/libbluetooth.a(gatt_client.c.obj)
                0x000000000000fba2                gatt_handle_read_blob_response
 .text.gatt_handle_read_multiple_response
                0x000000000000fbd8       0x3c /Users/clfilho/SimplicityStudio/BLE/BG13PUART/protocol/bluetooth/lib/EFR32BG13P/GCC/libbluetooth.a(gatt_client.c.obj)
                0x000000000000fbd8                gatt_handle_read_multiple_response
 .text.gatt_handle_read_by_type_response
                0x000000000000fc14      0x148 /Users/clfilho/SimplicityStudio/BLE/BG13PUART/protocol/bluetooth/lib/EFR32BG13P/GCC/libbluetooth.a(gatt_client.c.obj)
                0x000000000000fc14                gatt_handle_read_by_type_response
 .text.gatt_handle_read_by_group_type_response
                0x000000000000fd5c       0xaa /Users/clfilho/SimplicityStudio/BLE/BG13PUART/protocol/bluetooth/lib/EFR32BG13P/GCC/libbluetooth.a(gatt_client.c.obj)
                0x000000000000fd5c                gatt_handle_read_by_group_type_response
 .text.gatt_handle_write_response
                0x000000000000fe06       0x14 /Users/clfilho/SimplicityStudio/BLE/BG13PUART/protocol/bluetooth/lib/EFR32BG13P/GCC/libbluetooth.a(gatt_client.c.obj)
                0x000000000000fe06                gatt_handle_write_response
 .text.gatt_handle_prepare_write_response
                0x000000000000fe1a       0xb6 /Users/clfilho/SimplicityStudio/BLE/BG13PUART/protocol/bluetooth/lib/EFR32BG13P/GCC/libbluetooth.a(gatt_client.c.obj)
                0x000000000000fe1a                gatt_handle_prepare_write_response
 .text.gatt_handle_execute_write_response
                0x000000000000fed0       0x3c /Users/clfilho/SimplicityStudio/BLE/BG13PUART/protocol/bluetooth/lib/EFR32BG13P/GCC/libbluetooth.a(gatt_client.c.obj)
                0x000000000000fed0                gatt_handle_execute_write_response
 .text.gatt_client_handle_value_notification
                0x000000000000ff0c       0x12 /Users/clfilho/SimplicityStudio/BLE/BG13PUART/protocol/bluetooth/lib/EFR32BG13P/GCC/libbluetooth.a(gatt_client.c.obj)
                0x000000000000ff0c                gatt_client_handle_value_notification
 .text.gatt_client_handle_value_indication
                0x000000000000ff1e       0x14 /Users/clfilho/SimplicityStudio/BLE/BG13PUART/protocol/bluetooth/lib/EFR32BG13P/GCC/libbluetooth.a(gatt_client.c.obj)
                0x000000000000ff1e                gatt_client_handle_value_indication
 *fill*         0x000000000000ff32        0x2 
 .text.gatt_client_init
                0x000000000000ff34        0xc /Users/clfilho/SimplicityStudio/BLE/BG13PUART/protocol/bluetooth/lib/EFR32BG13P/GCC/libbluetooth.a(gatt_client.c.obj)
                0x000000000000ff34                gatt_client_init
 .text.get_att_uuid16
                0x000000000000ff40       0x24 /Users/clfilho/SimplicityStudio/BLE/BG13PUART/protocol/bluetooth/lib/EFR32BG13P/GCC/libbluetooth.a(gatt_db_minimal.c.obj)
 .text.gatt_db_save_client_conf
                0x000000000000ff64       0x2c /Users/clfilho/SimplicityStudio/BLE/BG13PUART/protocol/bluetooth/lib/EFR32BG13P/GCC/libbluetooth.a(gatt_db_minimal.c.obj)
 .text.get_client_conf
                0x000000000000ff90       0x24 /Users/clfilho/SimplicityStudio/BLE/BG13PUART/protocol/bluetooth/lib/EFR32BG13P/GCC/libbluetooth.a(gatt_db_minimal.c.obj)
 .text.gatt_db_set_db
                0x000000000000ffb4       0x14 /Users/clfilho/SimplicityStudio/BLE/BG13PUART/protocol/bluetooth/lib/EFR32BG13P/GCC/libbluetooth.a(gatt_db_minimal.c.obj)
                0x000000000000ffb4                gatt_db_set_db
 .text.gatt_db_get_caps
                0x000000000000ffc8       0x18 /Users/clfilho/SimplicityStudio/BLE/BG13PUART/protocol/bluetooth/lib/EFR32BG13P/GCC/libbluetooth.a(gatt_db_minimal.c.obj)
                0x000000000000ffc8                gatt_db_get_caps
 .text.gatt_db_invalidate_hash
                0x000000000000ffe0       0x10 /Users/clfilho/SimplicityStudio/BLE/BG13PUART/protocol/bluetooth/lib/EFR32BG13P/GCC/libbluetooth.a(gatt_db_minimal.c.obj)
                0x000000000000ffe0                gatt_db_invalidate_hash
 .text.gatt_db_set_client_features
                0x000000000000fff0       0x1c /Users/clfilho/SimplicityStudio/BLE/BG13PUART/protocol/bluetooth/lib/EFR32BG13P/GCC/libbluetooth.a(gatt_db_minimal.c.obj)
                0x000000000000fff0                gatt_db_set_client_features
 .text.gatt_db_handle_inrange
                0x000000000001000c       0x18 /Users/clfilho/SimplicityStudio/BLE/BG13PUART/protocol/bluetooth/lib/EFR32BG13P/GCC/libbluetooth.a(gatt_db_minimal.c.obj)
                0x000000000001000c                gatt_db_handle_inrange
 .text.gatt_db_handle_active
                0x0000000000010024       0x30 /Users/clfilho/SimplicityStudio/BLE/BG13PUART/protocol/bluetooth/lib/EFR32BG13P/GCC/libbluetooth.a(gatt_db_minimal.c.obj)
                0x0000000000010024                gatt_db_handle_active
 .text.get_client_conf_index
                0x0000000000010054       0x44 /Users/clfilho/SimplicityStudio/BLE/BG13PUART/protocol/bluetooth/lib/EFR32BG13P/GCC/libbluetooth.a(gatt_db_minimal.c.obj)
 .text.gatt_db_get_char_properties
                0x0000000000010098       0x44 /Users/clfilho/SimplicityStudio/BLE/BG13PUART/protocol/bluetooth/lib/EFR32BG13P/GCC/libbluetooth.a(gatt_db_minimal.c.obj)
                0x0000000000010098                gatt_db_get_char_properties
 .text.gatt_db_user_value
                0x00000000000100dc       0x1c /Users/clfilho/SimplicityStudio/BLE/BG13PUART/protocol/bluetooth/lib/EFR32BG13P/GCC/libbluetooth.a(gatt_db_minimal.c.obj)
                0x00000000000100dc                gatt_db_user_value
 .text.gatt_db_load_client_conf
                0x00000000000100f8       0x4c /Users/clfilho/SimplicityStudio/BLE/BG13PUART/protocol/bluetooth/lib/EFR32BG13P/GCC/libbluetooth.a(gatt_db_minimal.c.obj)
                0x00000000000100f8                gatt_db_load_client_conf
 .text.gatt_db_get_client_conf
                0x0000000000010144       0x68 /Users/clfilho/SimplicityStudio/BLE/BG13PUART/protocol/bluetooth/lib/EFR32BG13P/GCC/libbluetooth.a(gatt_db_minimal.c.obj)
                0x0000000000010144                gatt_db_get_client_conf
 .text.gatt_db_get_att_len
                0x00000000000101ac       0x3c /Users/clfilho/SimplicityStudio/BLE/BG13PUART/protocol/bluetooth/lib/EFR32BG13P/GCC/libbluetooth.a(gatt_db_minimal.c.obj)
                0x00000000000101ac                gatt_db_get_att_len
 .text.gatt_db_check_permissions
                0x00000000000101e8      0x124 /Users/clfilho/SimplicityStudio/BLE/BG13PUART/protocol/bluetooth/lib/EFR32BG13P/GCC/libbluetooth.a(gatt_db_minimal.c.obj)
                0x00000000000101e8                gatt_db_check_permissions
 .text.gatt_db_check_notify_permission
                0x000000000001030c       0x94 /Users/clfilho/SimplicityStudio/BLE/BG13PUART/protocol/bluetooth/lib/EFR32BG13P/GCC/libbluetooth.a(gatt_db_minimal.c.obj)
                0x000000000001030c                gatt_db_check_notify_permission
 .text.gatt_db_get_data
                0x00000000000103a0       0xa0 /Users/clfilho/SimplicityStudio/BLE/BG13PUART/protocol/bluetooth/lib/EFR32BG13P/GCC/libbluetooth.a(gatt_db_minimal.c.obj)
                0x00000000000103a0                gatt_db_get_data
 .text.gatt_db_calculate_hash
                0x0000000000010440       0xdc /Users/clfilho/SimplicityStudio/BLE/BG13PUART/protocol/bluetooth/lib/EFR32BG13P/GCC/libbluetooth.a(gatt_db_minimal.c.obj)
                0x0000000000010440                gatt_db_calculate_hash
 .text.gatt_db_set_hash
                0x000000000001051c       0x5c /Users/clfilho/SimplicityStudio/BLE/BG13PUART/protocol/bluetooth/lib/EFR32BG13P/GCC/libbluetooth.a(gatt_db_minimal.c.obj)
                0x000000000001051c                gatt_db_set_hash
 .text.gatt_db_set_data
                0x0000000000010578      0x198 /Users/clfilho/SimplicityStudio/BLE/BG13PUART/protocol/bluetooth/lib/EFR32BG13P/GCC/libbluetooth.a(gatt_db_minimal.c.obj)
                0x0000000000010578                gatt_db_set_data
 .text.gatt_db_find_attribute_by_type
                0x0000000000010710       0x38 /Users/clfilho/SimplicityStudio/BLE/BG13PUART/protocol/bluetooth/lib/EFR32BG13P/GCC/libbluetooth.a(gatt_db_minimal.c.obj)
                0x0000000000010710                gatt_db_find_attribute_by_type
 .text.gatt_db_find_group_end
                0x0000000000010748       0x48 /Users/clfilho/SimplicityStudio/BLE/BG13PUART/protocol/bluetooth/lib/EFR32BG13P/GCC/libbluetooth.a(gatt_db_minimal.c.obj)
                0x0000000000010748                gatt_db_find_group_end
 .text.gatt_db_find_by_type_value
                0x0000000000010790       0x90 /Users/clfilho/SimplicityStudio/BLE/BG13PUART/protocol/bluetooth/lib/EFR32BG13P/GCC/libbluetooth.a(gatt_db_minimal.c.obj)
                0x0000000000010790                gatt_db_find_by_type_value
 .text.gatt_db_populate_adv_services
                0x0000000000010820      0x164 /Users/clfilho/SimplicityStudio/BLE/BG13PUART/protocol/bluetooth/lib/EFR32BG13P/GCC/libbluetooth.a(gatt_db_minimal.c.obj)
                0x0000000000010820                gatt_db_populate_adv_services
 .text.gatt_db_get_attribute_type
                0x0000000000010984       0x34 /Users/clfilho/SimplicityStudio/BLE/BG13PUART/protocol/bluetooth/lib/EFR32BG13P/GCC/libbluetooth.a(gatt_db_minimal.c.obj)
                0x0000000000010984                gatt_db_get_attribute_type
 .text.gatt_db_get_16bit_char_handle
                0x00000000000109b8       0x26 /Users/clfilho/SimplicityStudio/BLE/BG13PUART/protocol/bluetooth/lib/EFR32BG13P/GCC/libbluetooth.a(gatt_db_minimal.c.obj)
                0x00000000000109b8                gatt_db_get_16bit_char_handle
 *fill*         0x00000000000109de        0x2 
 .text.gatt_db_reset_client_conf
                0x00000000000109e0       0x80 /Users/clfilho/SimplicityStudio/BLE/BG13PUART/protocol/bluetooth/lib/EFR32BG13P/GCC/libbluetooth.a(gatt_db_minimal.c.obj)
                0x00000000000109e0                gatt_db_reset_client_conf
 .text.send_user_write_request_event
                0x0000000000010a60       0x48 /Users/clfilho/SimplicityStudio/BLE/BG13PUART/protocol/bluetooth/lib/EFR32BG13P/GCC/libbluetooth.a(gatt_server.c.obj)
 .text.send_user_read_request_event
                0x0000000000010aa8       0x32 /Users/clfilho/SimplicityStudio/BLE/BG13PUART/protocol/bluetooth/lib/EFR32BG13P/GCC/libbluetooth.a(gatt_server.c.obj)
 .text.send_execute_write_completed_event
                0x0000000000010ada       0x2a /Users/clfilho/SimplicityStudio/BLE/BG13PUART/protocol/bluetooth/lib/EFR32BG13P/GCC/libbluetooth.a(gatt_server.c.obj)
 .text.finish_read_req
                0x0000000000010b04       0x96 /Users/clfilho/SimplicityStudio/BLE/BG13PUART/protocol/bluetooth/lib/EFR32BG13P/GCC/libbluetooth.a(gatt_server.c.obj)
 .text.handle_read_req
                0x0000000000010b9a       0xa4 /Users/clfilho/SimplicityStudio/BLE/BG13PUART/protocol/bluetooth/lib/EFR32BG13P/GCC/libbluetooth.a(gatt_server.c.obj)
 .text.finish_execute_write_req
                0x0000000000010c3e       0xa8 /Users/clfilho/SimplicityStudio/BLE/BG13PUART/protocol/bluetooth/lib/EFR32BG13P/GCC/libbluetooth.a(gatt_server.c.obj)
 .text.send_notification
                0x0000000000010ce6       0x98 /Users/clfilho/SimplicityStudio/BLE/BG13PUART/protocol/bluetooth/lib/EFR32BG13P/GCC/libbluetooth.a(gatt_server.c.obj)
 *fill*         0x0000000000010d7e        0x2 
 .text.gatt_server_send_attribute_value_event
                0x0000000000010d80       0x48 /Users/clfilho/SimplicityStudio/BLE/BG13PUART/protocol/bluetooth/lib/EFR32BG13P/GCC/libbluetooth.a(gatt_server.c.obj)
                0x0000000000010d80                gatt_server_send_attribute_value_event
 .text.gatt_server_send_characteristic_status_event
                0x0000000000010dc8       0x32 /Users/clfilho/SimplicityStudio/BLE/BG13PUART/protocol/bluetooth/lib/EFR32BG13P/GCC/libbluetooth.a(gatt_server.c.obj)
                0x0000000000010dc8                gatt_server_send_characteristic_status_event
 *fill*         0x0000000000010dfa        0x2 
 .text.gatt_server_handle_exchange_mtu_req
                0x0000000000010dfc       0x3c /Users/clfilho/SimplicityStudio/BLE/BG13PUART/protocol/bluetooth/lib/EFR32BG13P/GCC/libbluetooth.a(gatt_server.c.obj)
                0x0000000000010dfc                gatt_server_handle_exchange_mtu_req
 .text.gatt_server_handle_read_by_group_type
                0x0000000000010e38      0x120 /Users/clfilho/SimplicityStudio/BLE/BG13PUART/protocol/bluetooth/lib/EFR32BG13P/GCC/libbluetooth.a(gatt_server.c.obj)
                0x0000000000010e38                gatt_server_handle_read_by_group_type
 .text.gatt_server_handle_read_by_type
                0x0000000000010f58      0x184 /Users/clfilho/SimplicityStudio/BLE/BG13PUART/protocol/bluetooth/lib/EFR32BG13P/GCC/libbluetooth.a(gatt_server.c.obj)
                0x0000000000010f58                gatt_server_handle_read_by_type
 .text.gatt_server_handle_find_information
                0x00000000000110dc       0xe2 /Users/clfilho/SimplicityStudio/BLE/BG13PUART/protocol/bluetooth/lib/EFR32BG13P/GCC/libbluetooth.a(gatt_server.c.obj)
                0x00000000000110dc                gatt_server_handle_find_information
 .text.gatt_server_handle_find_by_type_value_req
                0x00000000000111be       0xc8 /Users/clfilho/SimplicityStudio/BLE/BG13PUART/protocol/bluetooth/lib/EFR32BG13P/GCC/libbluetooth.a(gatt_server.c.obj)
                0x00000000000111be                gatt_server_handle_find_by_type_value_req
 .text.gatt_server_handle_read_req
                0x0000000000011286        0xc /Users/clfilho/SimplicityStudio/BLE/BG13PUART/protocol/bluetooth/lib/EFR32BG13P/GCC/libbluetooth.a(gatt_server.c.obj)
                0x0000000000011286                gatt_server_handle_read_req
 .text.gatt_server_handle_read_blob_req
                0x0000000000011292        0xa /Users/clfilho/SimplicityStudio/BLE/BG13PUART/protocol/bluetooth/lib/EFR32BG13P/GCC/libbluetooth.a(gatt_server.c.obj)
                0x0000000000011292                gatt_server_handle_read_blob_req
 .text.gatt_server_handle_read_multiple_req
                0x000000000001129c       0xee /Users/clfilho/SimplicityStudio/BLE/BG13PUART/protocol/bluetooth/lib/EFR32BG13P/GCC/libbluetooth.a(gatt_server.c.obj)
                0x000000000001129c                gatt_server_handle_read_multiple_req
 .text.gatt_server_handle_write_req
                0x000000000001138a       0x96 /Users/clfilho/SimplicityStudio/BLE/BG13PUART/protocol/bluetooth/lib/EFR32BG13P/GCC/libbluetooth.a(gatt_server.c.obj)
                0x000000000001138a                gatt_server_handle_write_req
 .text.gatt_server_handle_write_cmd
                0x0000000000011420       0x84 /Users/clfilho/SimplicityStudio/BLE/BG13PUART/protocol/bluetooth/lib/EFR32BG13P/GCC/libbluetooth.a(gatt_server.c.obj)
                0x0000000000011420                gatt_server_handle_write_cmd
 .text.gatt_server_handle_prepare_write_req
                0x00000000000114a4       0xa4 /Users/clfilho/SimplicityStudio/BLE/BG13PUART/protocol/bluetooth/lib/EFR32BG13P/GCC/libbluetooth.a(gatt_server.c.obj)
                0x00000000000114a4                gatt_server_handle_prepare_write_req
 .text.gatt_server_handle_execute_write_req
                0x0000000000011548       0x28 /Users/clfilho/SimplicityStudio/BLE/BG13PUART/protocol/bluetooth/lib/EFR32BG13P/GCC/libbluetooth.a(gatt_server.c.obj)
                0x0000000000011548                gatt_server_handle_execute_write_req
 .text.gatt_server_handle_value_cfm
                0x0000000000011570       0x48 /Users/clfilho/SimplicityStudio/BLE/BG13PUART/protocol/bluetooth/lib/EFR32BG13P/GCC/libbluetooth.a(gatt_server.c.obj)
                0x0000000000011570                gatt_server_handle_value_cfm
 .text.gatt_server_send_user_write_response
                0x00000000000115b8       0x7c /Users/clfilho/SimplicityStudio/BLE/BG13PUART/protocol/bluetooth/lib/EFR32BG13P/GCC/libbluetooth.a(gatt_server.c.obj)
                0x00000000000115b8                gatt_server_send_user_write_response
 .text.gatt_server_report_gattdb_change
                0x0000000000011634       0x5c /Users/clfilho/SimplicityStudio/BLE/BG13PUART/protocol/bluetooth/lib/EFR32BG13P/GCC/libbluetooth.a(gatt_server.c.obj)
                0x0000000000011634                gatt_server_report_gattdb_change
 .text.gatt_server_report_client_config
                0x0000000000011690       0xa8 /Users/clfilho/SimplicityStudio/BLE/BG13PUART/protocol/bluetooth/lib/EFR32BG13P/GCC/libbluetooth.a(gatt_server.c.obj)
                0x0000000000011690                gatt_server_report_client_config
 .text.handle_database_changed.part.3
                0x0000000000011738       0x76 /Users/clfilho/SimplicityStudio/BLE/BG13PUART/protocol/bluetooth/lib/EFR32BG13P/GCC/libbluetooth.a(gatt_server.c.obj)
 .text.gatt_server_handle_att
                0x00000000000117ae      0x262 /Users/clfilho/SimplicityStudio/BLE/BG13PUART/protocol/bluetooth/lib/EFR32BG13P/GCC/libbluetooth.a(gatt_server.c.obj)
                0x00000000000117ae                gatt_server_handle_att
 .text.gatt_set_gattdb
                0x0000000000011a10       0x50 /Users/clfilho/SimplicityStudio/BLE/BG13PUART/protocol/bluetooth/lib/EFR32BG13P/GCC/libbluetooth.a(gatt_server.c.obj)
                0x0000000000011a10                gatt_set_gattdb
 .text.gatt_server_enter_att_handling
                0x0000000000011a60        0xa /Users/clfilho/SimplicityStudio/BLE/BG13PUART/protocol/bluetooth/lib/EFR32BG13P/GCC/libbluetooth.a(gatt_server.c.obj)
                0x0000000000011a60                gatt_server_enter_att_handling
 .text.gatt_server_leave_att_handling
                0x0000000000011a6a        0xa /Users/clfilho/SimplicityStudio/BLE/BG13PUART/protocol/bluetooth/lib/EFR32BG13P/GCC/libbluetooth.a(gatt_server.c.obj)
                0x0000000000011a6a                gatt_server_leave_att_handling
 .text.gatt_server_att_handling
                0x0000000000011a74        0x8 /Users/clfilho/SimplicityStudio/BLE/BG13PUART/protocol/bluetooth/lib/EFR32BG13P/GCC/libbluetooth.a(gatt_server.c.obj)
                0x0000000000011a74                gatt_server_att_handling
 .text.gecko_bgapi_class_dfu_init
                0x0000000000011a7c       0x12 /Users/clfilho/SimplicityStudio/BLE/BG13PUART/protocol/bluetooth/lib/EFR32BG13P/GCC/libbluetooth.a(gecko_bgapi_dfu.c.obj)
                0x0000000000011a7c                gecko_bgapi_class_dfu_init
 .text.gecko_bgapi_class_flash_init
                0x0000000000011a8e       0x12 /Users/clfilho/SimplicityStudio/BLE/BG13PUART/protocol/bluetooth/lib/EFR32BG13P/GCC/libbluetooth.a(gecko_bgapi_flash.c.obj)
                0x0000000000011a8e                gecko_bgapi_class_flash_init
 .text.gecko_bgapi_class_le_gap_init
                0x0000000000011aa0       0x12 /Users/clfilho/SimplicityStudio/BLE/BG13PUART/protocol/bluetooth/lib/EFR32BG13P/GCC/libbluetooth.a(gecko_bgapi_gap.c.obj)
                0x0000000000011aa0                gecko_bgapi_class_le_gap_init
 .text.gecko_bgapi_class_gatt_init
                0x0000000000011ab2       0x12 /Users/clfilho/SimplicityStudio/BLE/BG13PUART/protocol/bluetooth/lib/EFR32BG13P/GCC/libbluetooth.a(gecko_bgapi_gatt.c.obj)
                0x0000000000011ab2                gecko_bgapi_class_gatt_init
 .text.gecko_bgapi_class_gatt_server_init
                0x0000000000011ac4       0x12 /Users/clfilho/SimplicityStudio/BLE/BG13PUART/protocol/bluetooth/lib/EFR32BG13P/GCC/libbluetooth.a(gecko_bgapi_gatt_server.c.obj)
                0x0000000000011ac4                gecko_bgapi_class_gatt_server_init
 .text.gecko_bgapi_class_hardware_init
                0x0000000000011ad6       0x12 /Users/clfilho/SimplicityStudio/BLE/BG13PUART/protocol/bluetooth/lib/EFR32BG13P/GCC/libbluetooth.a(gecko_bgapi_hardware.c.obj)
                0x0000000000011ad6                gecko_bgapi_class_hardware_init
 .text.gecko_bgapi_class_le_connection_init
                0x0000000000011ae8       0x12 /Users/clfilho/SimplicityStudio/BLE/BG13PUART/protocol/bluetooth/lib/EFR32BG13P/GCC/libbluetooth.a(gecko_bgapi_le_connection.c.obj)
                0x0000000000011ae8                gecko_bgapi_class_le_connection_init
 .text.gecko_bgapi_class_sm_init
                0x0000000000011afa       0x12 /Users/clfilho/SimplicityStudio/BLE/BG13PUART/protocol/bluetooth/lib/EFR32BG13P/GCC/libbluetooth.a(gecko_bgapi_sm.c.obj)
                0x0000000000011afa                gecko_bgapi_class_sm_init
 .text.gecko_bgapi_class_system_init
                0x0000000000011b0c       0x12 /Users/clfilho/SimplicityStudio/BLE/BG13PUART/protocol/bluetooth/lib/EFR32BG13P/GCC/libbluetooth.a(gecko_bgapi_system.c.obj)
                0x0000000000011b0c                gecko_bgapi_class_system_init
 .text.gecko_bgapi_class_test_init
                0x0000000000011b1e       0x12 /Users/clfilho/SimplicityStudio/BLE/BG13PUART/protocol/bluetooth/lib/EFR32BG13P/GCC/libbluetooth.a(gecko_bgapi_test.c.obj)
                0x0000000000011b1e                gecko_bgapi_class_test_init
 .text.get_bgapi_library
                0x0000000000011b30       0x18 /Users/clfilho/SimplicityStudio/BLE/BG13PUART/protocol/bluetooth/lib/EFR32BG13P/GCC/libbluetooth.a(gecko_endpoints.c.obj)
 .text.handle_bgapi_output
                0x0000000000011b48       0x74 /Users/clfilho/SimplicityStudio/BLE/BG13PUART/protocol/bluetooth/lib/EFR32BG13P/GCC/libbluetooth.a(gecko_endpoints.c.obj)
 .text.gecko_release_evt
                0x0000000000011bbc       0x14 /Users/clfilho/SimplicityStudio/BLE/BG13PUART/protocol/bluetooth/lib/EFR32BG13P/GCC/libbluetooth.a(gecko_endpoints.c.obj)
                0x0000000000011bbc                gecko_release_evt
 .text.gecko_get_evt
                0x0000000000011bd0       0x10 /Users/clfilho/SimplicityStudio/BLE/BG13PUART/protocol/bluetooth/lib/EFR32BG13P/GCC/libbluetooth.a(gecko_endpoints.c.obj)
                0x0000000000011bd0                gecko_get_evt
 .text.gecko_register_bgapi_library
                0x0000000000011be0       0x30 /Users/clfilho/SimplicityStudio/BLE/BG13PUART/protocol/bluetooth/lib/EFR32BG13P/GCC/libbluetooth.a(gecko_endpoints.c.obj)
                0x0000000000011be0                gecko_register_bgapi_library
 .text.gecko_handle_library_packet
                0x0000000000011c10       0x10 /Users/clfilho/SimplicityStudio/BLE/BG13PUART/protocol/bluetooth/lib/EFR32BG13P/GCC/libbluetooth.a(gecko_endpoints.c.obj)
                0x0000000000011c10                gecko_handle_library_packet
 .text.sli_bt_cmd_handler_delegate
                0x0000000000011c20       0x5e /Users/clfilho/SimplicityStudio/BLE/BG13PUART/protocol/bluetooth/lib/EFR32BG13P/GCC/libbluetooth.a(gecko_endpoints.c.obj)
                0x0000000000011c20                sli_bt_cmd_handler_delegate
 .text.hci_increase_token
                0x0000000000011c7e       0x12 /Users/clfilho/SimplicityStudio/BLE/BG13PUART/protocol/bluetooth/lib/EFR32BG13P/GCC/libbluetooth.a(hci.c.obj)
                0x0000000000011c7e                hci_increase_token
 .text.hci_init
                0x0000000000011c90       0x1c /Users/clfilho/SimplicityStudio/BLE/BG13PUART/protocol/bluetooth/lib/EFR32BG13P/GCC/libbluetooth.a(hci.c.obj)
                0x0000000000011c90                hci_init
 .text.hci_command_status_handle
                0x0000000000011cac       0x40 /Users/clfilho/SimplicityStudio/BLE/BG13PUART/protocol/bluetooth/lib/EFR32BG13P/GCC/libbluetooth.a(hci.c.obj)
                0x0000000000011cac                hci_command_status_handle
 .text.hci_command_complete_handle
                0x0000000000011cec       0xd4 /Users/clfilho/SimplicityStudio/BLE/BG13PUART/protocol/bluetooth/lib/EFR32BG13P/GCC/libbluetooth.a(hci.c.obj)
                0x0000000000011cec                hci_command_complete_handle
 .text.handle_extended_advertising_report
                0x0000000000011dc0      0x100 /Users/clfilho/SimplicityStudio/BLE/BG13PUART/protocol/bluetooth/lib/EFR32BG13P/GCC/libbluetooth.a(hci.c.obj)
                0x0000000000011dc0                handle_extended_advertising_report
 .text.hci_inject_acl
                0x0000000000011ec0        0xc /Users/clfilho/SimplicityStudio/BLE/BG13PUART/protocol/bluetooth/lib/EFR32BG13P/GCC/libbluetooth.a(hci.c.obj)
                0x0000000000011ec0                hci_inject_acl
 .text.hci_packets_waiting
                0x0000000000011ecc       0x18 /Users/clfilho/SimplicityStudio/BLE/BG13PUART/protocol/bluetooth/lib/EFR32BG13P/GCC/libbluetooth.a(hci.c.obj)
                0x0000000000011ecc                hci_packets_waiting
 .text.hci_get_acl_packet
                0x0000000000011ee4       0x14 /Users/clfilho/SimplicityStudio/BLE/BG13PUART/protocol/bluetooth/lib/EFR32BG13P/GCC/libbluetooth.a(hci.c.obj)
                0x0000000000011ee4                hci_get_acl_packet
 .text.hci_send_command
                0x0000000000011ef8       0x12 /Users/clfilho/SimplicityStudio/BLE/BG13PUART/protocol/bluetooth/lib/EFR32BG13P/GCC/libbluetooth.a(hci.c.obj)
                0x0000000000011ef8                hci_send_command
 .text.hci_read_bdaddr
                0x0000000000011f0a       0x1c /Users/clfilho/SimplicityStudio/BLE/BG13PUART/protocol/bluetooth/lib/EFR32BG13P/GCC/libbluetooth.a(hci.c.obj)
                0x0000000000011f0a                hci_read_bdaddr
 *fill*         0x0000000000011f26        0x2 
 .text.hci_state_listener
                0x0000000000011f28       0x14 /Users/clfilho/SimplicityStudio/BLE/BG13PUART/protocol/bluetooth/lib/EFR32BG13P/GCC/libbluetooth.a(hci.c.obj)
                0x0000000000011f28                hci_state_listener
 .text.hci_set_state
                0x0000000000011f3c       0x1c /Users/clfilho/SimplicityStudio/BLE/BG13PUART/protocol/bluetooth/lib/EFR32BG13P/GCC/libbluetooth.a(hci.c.obj)
                0x0000000000011f3c                hci_set_state
 .text.hci_state_listener_init
                0x0000000000011f58       0x10 /Users/clfilho/SimplicityStudio/BLE/BG13PUART/protocol/bluetooth/lib/EFR32BG13P/GCC/libbluetooth.a(hci.c.obj)
                0x0000000000011f58                hci_state_listener_init
 .text.hci_state_listener_init_default_data_length
                0x0000000000011f68       0x6c /Users/clfilho/SimplicityStudio/BLE/BG13PUART/protocol/bluetooth/lib/EFR32BG13P/GCC/libbluetooth.a(hci.c.obj)
                0x0000000000011f68                hci_state_listener_init_default_data_length
 .text.hci_run  0x0000000000011fd4        0x6 /Users/clfilho/SimplicityStudio/BLE/BG13PUART/protocol/bluetooth/lib/EFR32BG13P/GCC/libbluetooth.a(hci.c.obj)
                0x0000000000011fd4                hci_run
 .text.hci_start
                0x0000000000011fda        0x6 /Users/clfilho/SimplicityStudio/BLE/BG13PUART/protocol/bluetooth/lib/EFR32BG13P/GCC/libbluetooth.a(hci.c.obj)
                0x0000000000011fda                hci_start
 .text.hci_cleanup_acl
                0x0000000000011fe0       0x28 /Users/clfilho/SimplicityStudio/BLE/BG13PUART/protocol/bluetooth/lib/EFR32BG13P/GCC/libbluetooth.a(hci.c.obj)
                0x0000000000011fe0                hci_cleanup_acl
 .text.hci_send_acl
                0x0000000000012008       0xac /Users/clfilho/SimplicityStudio/BLE/BG13PUART/protocol/bluetooth/lib/EFR32BG13P/GCC/libbluetooth.a(hci.c.obj)
                0x0000000000012008                hci_send_acl
 .text.hci_le_set_random_address
                0x00000000000120b4       0x2c /Users/clfilho/SimplicityStudio/BLE/BG13PUART/protocol/bluetooth/lib/EFR32BG13P/GCC/libbluetooth.a(hci.c.obj)
                0x00000000000120b4                hci_le_set_random_address
 .text.hci_le_set_extended_advertising_parameters
                0x00000000000120e0       0x98 /Users/clfilho/SimplicityStudio/BLE/BG13PUART/protocol/bluetooth/lib/EFR32BG13P/GCC/libbluetooth.a(hci.c.obj)
                0x00000000000120e0                hci_le_set_extended_advertising_parameters
 .text.hci_le_set_advertising_set_random_address
                0x0000000000012178       0x38 /Users/clfilho/SimplicityStudio/BLE/BG13PUART/protocol/bluetooth/lib/EFR32BG13P/GCC/libbluetooth.a(hci.c.obj)
                0x0000000000012178                hci_le_set_advertising_set_random_address
 .text.hci_le_set_extended_advertising_data
                0x00000000000121b0       0x34 /Users/clfilho/SimplicityStudio/BLE/BG13PUART/protocol/bluetooth/lib/EFR32BG13P/GCC/libbluetooth.a(hci.c.obj)
                0x00000000000121b0                hci_le_set_extended_advertising_data
 .text.hci_le_set_extended_scan_response_data
                0x00000000000121e4       0x34 /Users/clfilho/SimplicityStudio/BLE/BG13PUART/protocol/bluetooth/lib/EFR32BG13P/GCC/libbluetooth.a(hci.c.obj)
                0x00000000000121e4                hci_le_set_extended_scan_response_data
 .text.hci_le_set_extended_advertising_enable
                0x0000000000012218       0x44 /Users/clfilho/SimplicityStudio/BLE/BG13PUART/protocol/bluetooth/lib/EFR32BG13P/GCC/libbluetooth.a(hci.c.obj)
                0x0000000000012218                hci_le_set_extended_advertising_enable
 .text.hci_le_set_extended_scan_parameters
                0x000000000001225c       0x4c /Users/clfilho/SimplicityStudio/BLE/BG13PUART/protocol/bluetooth/lib/EFR32BG13P/GCC/libbluetooth.a(hci.c.obj)
                0x000000000001225c                hci_le_set_extended_scan_parameters
 .text.hci_le_set_ext_scan_enable
                0x00000000000122a8       0x34 /Users/clfilho/SimplicityStudio/BLE/BG13PUART/protocol/bluetooth/lib/EFR32BG13P/GCC/libbluetooth.a(hci.c.obj)
                0x00000000000122a8                hci_le_set_ext_scan_enable
 .text.hci_le_create_connection_cancel
                0x00000000000122dc       0x14 /Users/clfilho/SimplicityStudio/BLE/BG13PUART/protocol/bluetooth/lib/EFR32BG13P/GCC/libbluetooth.a(hci.c.obj)
                0x00000000000122dc                hci_le_create_connection_cancel
 .text.hci_close_acl
                0x00000000000122f0       0x42 /Users/clfilho/SimplicityStudio/BLE/BG13PUART/protocol/bluetooth/lib/EFR32BG13P/GCC/libbluetooth.a(hci.c.obj)
                0x00000000000122f0                hci_close_acl
 *fill*         0x0000000000012332        0x2 
 .text.hci_le_connection_update
                0x0000000000012334       0x58 /Users/clfilho/SimplicityStudio/BLE/BG13PUART/protocol/bluetooth/lib/EFR32BG13P/GCC/libbluetooth.a(hci.c.obj)
                0x0000000000012334                hci_le_connection_update
 .text.hci_le_start_encryption
                0x000000000001238c       0x50 /Users/clfilho/SimplicityStudio/BLE/BG13PUART/protocol/bluetooth/lib/EFR32BG13P/GCC/libbluetooth.a(hci.c.obj)
                0x000000000001238c                hci_le_start_encryption
 .text.hci_le_ltk_reply
                0x00000000000123dc       0x4c /Users/clfilho/SimplicityStudio/BLE/BG13PUART/protocol/bluetooth/lib/EFR32BG13P/GCC/libbluetooth.a(hci.c.obj)
                0x00000000000123dc                hci_le_ltk_reply
 .text.hci_le_remote_connection_parameter_request_reply
                0x0000000000012428       0x58 /Users/clfilho/SimplicityStudio/BLE/BG13PUART/protocol/bluetooth/lib/EFR32BG13P/GCC/libbluetooth.a(hci.c.obj)
                0x0000000000012428                hci_le_remote_connection_parameter_request_reply
 .text.hci_event_handle